 halt

 Timestamp is 580dcbb1 (Mon Oct 24 10:52:01 2016)

 Preferred load address is 0000000180000000

 Start         Length     Name                   Class
 0001:00000000 0000b4b0H .text$mn                CODE
 0001:0000b4b0 00000020H .text$mn$00             CODE
 0001:0000b4d0 00000260H .text$x                 CODE
 0002:00000000 00000248H .idata$5                DATA
 0002:00000248 00000010H .00cfg                  DATA
 0002:00000258 00000008H .CRT$XCA                DATA
 0002:00000260 00000008H .CRT$XCU                DATA
 0002:00000268 00000008H .CRT$XCZ                DATA
 0002:00000270 00000008H .CRT$XIA                DATA
 0002:00000278 00000018H .CRT$XIC                DATA
 0002:00000290 00000008H .CRT$XIZ                DATA
 0002:00000298 00000008H .CRT$XPA                DATA
 0002:000002a0 00000010H .CRT$XPX                DATA
 0002:000002b0 00000008H .CRT$XPXA               DATA
 0002:000002b8 00000008H .CRT$XPZ                DATA
 0002:000002c0 00000008H .CRT$XTA                DATA
 0002:000002c8 00000008H .CRT$XTZ                DATA
 0002:000002d0 000071c8H .rdata                  DATA
 0002:00007498 000001f4H .rdata$r                DATA
 0002:0000768c 000003c4H .rdata$zzzdbg           DATA
 0002:00007a50 00000008H .rtc$IAA                DATA
 0002:00007a58 00000008H .rtc$IZZ                DATA
 0002:00007a60 00000008H .rtc$TAA                DATA
 0002:00007a68 00000008H .rtc$TZZ                DATA
 0002:00007a70 00000b00H .xdata                  DATA
 0002:00008570 000000ecH .xdata$x                DATA
 0002:0000865c 00000020H .didat$2                DATA
 0002:0000867c 00000024H .didat$3                DATA
 0002:000086a0 00000138H .didat$4                DATA
 0002:000087d8 000006b8H .didat$6                DATA
 0002:00008e90 00000140H .didat$7                DATA
 0002:00008fd0 00000050H .edata                  DATA
 0002:00009020 00000014H .idata$2                DATA
 0002:00009034 00000014H .idata$3                DATA
 0002:00009048 00000248H .idata$4                DATA
 0002:00009290 0000054eH .idata$6                DATA
 0003:00000000 00000920H .data                   DATA
 0003:00000920 000000a0H .data$r                 DATA
 0003:000009c0 00000140H .didat$5                DATA
 0003:00000b00 000011f0H .bss                    DATA
 0004:00000000 00000e34H .pdata                  DATA
 0005:00000000 00000080H .gfids$x                DATA
 0005:00000080 00000030H .gfids$y                DATA
 0006:00000000 00000060H .rsrc$01                DATA
 0006:00000060 00000180H .rsrc$02                DATA

  Address         Publics by Value              Rva+Base               Lib:Object

 0000:00000000       __guard_iat_table          0000000000000000     <absolute>
 0000:00000000       __dynamic_value_reloc_table 0000000000000000     <absolute>
 0000:00000000       __guard_iat_count          0000000000000000     <absolute>
 0000:00000000       __guard_longjmp_table      0000000000000000     <absolute>
 0000:00000000       __guard_longjmp_count      0000000000000000     <absolute>
 0000:00000000       __guard_fids_count         0000000000000000     <absolute>
 0000:00000000       ___safe_se_handler_table   0000000000000000     <absolute>
 0000:00000000       ___safe_se_handler_count   0000000000000000     <absolute>
 0000:00000000       __guard_fids_table         0000000000000000     <absolute>
 0000:00000100       __guard_flags              0000000000000100     <absolute>
 0000:00000000       __ImageBase                0000000180000000     <linker-defined>
 0001:00000000       ?NODE_SET_METHOD@node@@YAXV?$Local@VObject@v8@@@v8@@PEBDP6AXAEBV?$FunctionCallbackInfo@VValue@v8@@@3@@Z@Z 0000000180001000 f i halt.obj
 0001:000000e0       ?Start@@YAXAEBV?$FunctionCallbackInfo@VValue@v8@@@v8@@@Z 00000001800010e0 f   halt.obj
 0001:000001c0       ?Clear@@YAXAEBV?$FunctionCallbackInfo@VValue@v8@@@v8@@@Z 00000001800011c0 f   halt.obj
 0001:00000210       ?Protect@@YAXAEBV?$FunctionCallbackInfo@VValue@v8@@@v8@@@Z 0000000180001210 f   halt.obj
 0001:00000440       ?Run@@YAXAEBV?$FunctionCallbackInfo@VValue@v8@@@v8@@@Z 0000000180001440 f   halt.obj
 0001:00000700       ?Init@@YAXV?$Local@VObject@v8@@@v8@@@Z 0000000180001700 f   halt.obj
 0001:000007b0       ??0Watcher@@QEAA@PEAVIsolate@v8@@@Z 00000001800017b0 f   watcher.obj
 0001:00000880       __except_validate_context_record 0000000180001880 f   libvcruntime:jbcxrval.obj
 0001:00000880       _guard_check_icall_nop     0000000180001880 f   LIBCMT:guard_support.obj
 0001:00000890       ?Start@Watcher@@QEAAX_K@Z  0000000180001890 f   watcher.obj
 0001:00000910       ?Clear@Watcher@@QEAA?AW4STATUS@1@XZ 0000000180001910 f   watcher.obj
 0001:00000970       ?Run@Watcher@@CAXPEAX@Z    0000000180001970 f   watcher.obj
 0001:00000980       ?Launch@Watcher@@CAXPEAUuv_async_s@@@Z 0000000180001980 f   watcher.obj
 0001:000009f0       ?Timeout@Watcher@@CAXPEAUuv_timer_s@@@Z 00000001800019f0 f   watcher.obj
 0001:00000a8c       __imp_load_?Global@Context@v8@@QEAA?AV?$Local@VObject@v8@@@2@XZ 0000000180001a8c f   node:node.exe
 0001:00000a98       __tailMerge_node_exe       0000000180001a98 f i node:node.exe
 0001:00000b11       __imp_load_?CancelTerminateExecution@Isolate@v8@@QEAAXXZ 0000000180001b11 f   node:node.exe
 0001:00000b1d       __imp_load_?IsExecutionTerminating@Isolate@v8@@QEAA_NXZ 0000000180001b1d f   node:node.exe
 0001:00000b29       __imp_load_?ThrowException@Isolate@v8@@QEAA?AV?$Local@VValue@v8@@@2@V32@@Z 0000000180001b29 f   node:node.exe
 0001:00000b35       __imp_load_?GetCurrentContext@Isolate@v8@@QEAA?AV?$Local@VContext@v8@@@2@XZ 0000000180001b35 f   node:node.exe
 0001:00000b41       __imp_load_?GetCurrent@Isolate@v8@@SAPEAV12@XZ 0000000180001b41 f   node:node.exe
 0001:00000b4d       __imp_load_??1HandleScope@v8@@QEAA@XZ 0000000180001b4d f   node:node.exe
 0001:00000b59       __imp_load_??0HandleScope@v8@@QEAA@PEAVIsolate@1@@Z 0000000180001b59 f   node:node.exe
 0001:00000b65       __imp_load_?Error@Exception@v8@@SA?AV?$Local@VValue@v8@@@2@V?$Local@VString@v8@@@2@@Z 0000000180001b65 f   node:node.exe
 0001:00000b71       __imp_load_?TypeError@Exception@v8@@SA?AV?$Local@VValue@v8@@@2@V?$Local@VString@v8@@@2@@Z 0000000180001b71 f   node:node.exe
 0001:00000b7d       __imp_load_?RangeError@Exception@v8@@SA?AV?$Local@VValue@v8@@@2@V?$Local@VString@v8@@@2@@Z 0000000180001b7d f   node:node.exe
 0001:00000b89       __imp_load_?GetFunction@FunctionTemplate@v8@@QEAA?AV?$Local@VFunction@v8@@@2@XZ 0000000180001b89 f   node:node.exe
 0001:00000b95       __imp_load_?New@FunctionTemplate@v8@@SA?AV?$Local@VFunctionTemplate@v8@@@2@PEAVIsolate@2@P6AXAEBV?$FunctionCallbackInfo@VValue@v8@@@2@@ZV?$Local@VValue@v8@@@2@V?$Local@VSignature@v8@@@2@HW4ConstructorBehavior@2@@Z 0000000180001b95 f   node:node.exe
 0001:00000ba1       __imp_load_?IntegerValue@Value@v8@@QEBA_JXZ 0000000180001ba1 f   node:node.exe
 0001:00000bad       __imp_load_?IsNumber@Value@v8@@QEBA_NXZ 0000000180001bad f   node:node.exe
 0001:00000bb9       __imp_load_?IsFunction@Value@v8@@QEBA_NXZ 0000000180001bb9 f   node:node.exe
 0001:00000bc5       __imp_load_?ReThrow@TryCatch@v8@@QEAA?AV?$Local@VValue@v8@@@2@XZ 0000000180001bc5 f   node:node.exe
 0001:00000bd1       __imp_load_?HasTerminated@TryCatch@v8@@QEBA_NXZ 0000000180001bd1 f   node:node.exe
 0001:00000bdd       __imp_load_?HasCaught@TryCatch@v8@@QEBA_NXZ 0000000180001bdd f   node:node.exe
 0001:00000be9       __imp_load_??1TryCatch@v8@@QEAA@XZ 0000000180001be9 f   node:node.exe
 0001:00000bf5       __imp_load_??0TryCatch@v8@@QEAA@XZ 0000000180001bf5 f   node:node.exe
 0001:00000c01       __imp_load_?NewFromUtf8@String@v8@@SA?AV?$Local@VString@v8@@@2@PEAVIsolate@2@PEBDW4NewStringType@12@H@Z 0000000180001c01 f   node:node.exe
 0001:00000c0d       __imp_load_?Set@Object@v8@@QEAA_NV?$Local@VValue@v8@@@2@0@Z 0000000180001c0d f   node:node.exe
 0001:00000c19       __imp_load_?SetName@Function@v8@@QEAAXV?$Local@VString@v8@@@2@@Z 0000000180001c19 f   node:node.exe
 0001:00000c25       __imp_load_?Call@Function@v8@@QEAA?AV?$Local@VValue@v8@@@2@V32@HQEAV32@@Z 0000000180001c25 f   node:node.exe
 0001:00000c31       __imp_load_node_module_register 0000000180001c31 f   node:node.exe
 0001:00000c3d       __imp_load_uv_mutex_unlock 0000000180001c3d f   node:node.exe
 0001:00000c49       __imp_load_?TerminateExecution@Isolate@v8@@QEAAXXZ 0000000180001c49 f   node:node.exe
 0001:00000c55       __imp_load_uv_mutex_lock   0000000180001c55 f   node:node.exe
 0001:00000c61       __imp_load_uv_run          0000000180001c61 f   node:node.exe
 0001:00000c6d       __imp_load_uv_timer_init   0000000180001c6d f   node:node.exe
 0001:00000c79       __imp_load_uv_thread_create 0000000180001c79 f   node:node.exe
 0001:00000c85       __imp_load_uv_timer_stop   0000000180001c85 f   node:node.exe
 0001:00000c91       __imp_load_uv_timer_start  0000000180001c91 f   node:node.exe
 0001:00000c9d       __imp_load_uv_mutex_init   0000000180001c9d f   node:node.exe
 0001:00000ca9       __imp_load_uv_async_send   0000000180001ca9 f   node:node.exe
 0001:00000cb5       __imp_load_uv_async_init   0000000180001cb5 f   node:node.exe
 0001:00000cc1       __imp_load_uv_loop_init    0000000180001cc1 f   node:node.exe
 0001:00000ce0       __security_check_cookie    0000000180001ce0 f   LIBCMT:_amdsecgs_.obj
 0001:00000d04       ??2@YAPEAX_K@Z             0000000180001d04 f   LIBCMT:new_scalar.obj
 0001:0000108c       _DllMainCRTStartup         000000018000208c f   LIBCMT:dll_dllmain.obj
 0001:000010cc       __raise_securityfailure    00000001800020cc f   LIBCMT:gs_report.obj
 0001:00001100       __report_gsfailure         0000000180002100 f   LIBCMT:gs_report.obj
 0001:000011d4       __report_rangecheckfailure 00000001800021d4 f   LIBCMT:gs_report.obj
 0001:000011e8       __report_securityfailure   00000001800021e8 f   LIBCMT:gs_report.obj
 0001:00001368       ??0bad_alloc@std@@QEAA@AEBV01@@Z 0000000180002368 f i LIBCMT:throw_bad_alloc.obj
 0001:000013a8       ??0bad_alloc@std@@QEAA@XZ  00000001800023a8 f i LIBCMT:throw_bad_alloc.obj
 0001:000013c8       ??0bad_array_new_length@std@@QEAA@AEBV01@@Z 00000001800023c8 f i LIBCMT:throw_bad_alloc.obj
 0001:00001408       ??0bad_array_new_length@std@@QEAA@XZ 0000000180002408 f i LIBCMT:throw_bad_alloc.obj
 0001:00001428       ??0exception@std@@QEAA@AEBV01@@Z 0000000180002428 f i LIBCMT:throw_bad_alloc.obj
 0001:00001460       ??1bad_alloc@std@@UEAA@XZ  0000000180002460 f i LIBCMT:throw_bad_alloc.obj
 0001:00001460       ??1bad_array_new_length@std@@UEAA@XZ 0000000180002460 f i LIBCMT:throw_bad_alloc.obj
 0001:00001474       ??_Gbad_array_new_length@std@@UEAAPEAXI@Z 0000000180002474 f i LIBCMT:throw_bad_alloc.obj
 0001:00001474       ??_Ebad_array_new_length@std@@UEAAPEAXI@Z 0000000180002474 f i LIBCMT:throw_bad_alloc.obj
 0001:00001474       ??_Ebad_alloc@std@@UEAAPEAXI@Z 0000000180002474 f i LIBCMT:throw_bad_alloc.obj
 0001:00001474       ??_Gbad_alloc@std@@UEAAPEAXI@Z 0000000180002474 f i LIBCMT:throw_bad_alloc.obj
 0001:00001474       ??_Gexception@std@@UEAAPEAXI@Z 0000000180002474 f i LIBCMT:throw_bad_alloc.obj
 0001:00001474       ??_Eexception@std@@UEAAPEAXI@Z 0000000180002474 f i LIBCMT:throw_bad_alloc.obj
 0001:000014b8       ?__scrt_throw_std_bad_alloc@@YAXXZ 00000001800024b8 f   LIBCMT:throw_bad_alloc.obj
 0001:000014d8       ?__scrt_throw_std_bad_array_new_length@@YAXXZ 00000001800024d8 f   LIBCMT:throw_bad_alloc.obj
 0001:000014f8       ?what@exception@std@@UEBAPEBDXZ 00000001800024f8 f i LIBCMT:throw_bad_alloc.obj
 0001:0000150c       __scrt_acquire_startup_lock 000000018000250c f   LIBCMT:utility.obj
 0001:00001548       __scrt_dllmain_after_initialize_c 0000000180002548 f   LIBCMT:utility.obj
 0001:0000157c       __scrt_dllmain_before_initialize_c 000000018000257c f   LIBCMT:utility.obj
 0001:00001594       __scrt_dllmain_crt_thread_attach 0000000180002594 f   LIBCMT:utility.obj
 0001:000015bc       __scrt_dllmain_crt_thread_detach 00000001800025bc f   LIBCMT:utility.obj
 0001:000015d4       __scrt_dllmain_exception_filter 00000001800025d4 f   LIBCMT:utility.obj
 0001:00001638       __scrt_dllmain_uninitialize_c 0000000180002638 f   LIBCMT:utility.obj
 0001:00001668       __scrt_dllmain_uninitialize_critical 0000000180002668 f   LIBCMT:utility.obj
 0001:0000167c       __scrt_initialize_crt      000000018000267c f   LIBCMT:utility.obj
 0001:000016c8       __scrt_initialize_onexit_tables 00000001800026c8 f   LIBCMT:utility.obj
 0001:00001794       __scrt_is_nonwritable_in_current_image 0000000180002794 f   LIBCMT:utility.obj
 0001:00001830       __scrt_release_startup_lock 0000000180002830 f   LIBCMT:utility.obj
 0001:00001854       __scrt_uninitialize_crt    0000000180002854 f   LIBCMT:utility.obj
 0001:00001880       _onexit                    0000000180002880 f   LIBCMT:utility.obj
 0001:000018d0       atexit                     00000001800028d0 f   LIBCMT:utility.obj
 0001:000018e8       __security_init_cookie     00000001800028e8 f   LIBCMT:gs_support.obj
 0001:00001994       ?__scrt_initialize_type_info@@YAXXZ 0000000180002994 f   LIBCMT:tncleanup.obj
 0001:000019a4       ?__scrt_uninitialize_type_info@@YAXXZ 00000001800029a4 f   LIBCMT:tncleanup.obj
 0001:000019b0       __local_stdio_printf_options 00000001800029b0 f i LIBCMT:default_local_stdio_options.obj
 0001:000019b8       __local_stdio_scanf_options 00000001800029b8 f i LIBCMT:default_local_stdio_options.obj
 0001:000019c0       __scrt_initialize_default_local_stdio_options 00000001800029c0 f   LIBCMT:default_local_stdio_options.obj
 0001:000019dc       __scrt_get_dyn_tls_init_callback 00000001800029dc f   LIBCMT:dyn_tls_init.obj
 0001:000019e4       __crt_debugger_hook        00000001800029e4 f   LIBCMT:utility_desktop.obj
 0001:000019ec       __scrt_fastfail            00000001800029ec f   LIBCMT:utility_desktop.obj
 0001:00001b34       _RTC_Initialize            0000000180002b34 f   LIBCMT:_initsect_.obj
 0001:00001b80       _RTC_Terminate             0000000180002b80 f   LIBCMT:_initsect_.obj
 0001:00001bcc       _guard_check_icall         0000000180002bcc f i LIBCMT:checkcfg.obj
 0001:00001bd4       ??3@YAXPEAX_K@Z            0000000180002bd4 f   LIBCMT:delete_scalar_size.obj
 0001:00001bdc       ??_Etype_info@@UEAAPEAXI@Z 0000000180002bdc f i LIBCMT:std_type_info_static.obj
 0001:00001bdc       ??_Gtype_info@@UEAAPEAXI@Z 0000000180002bdc f i LIBCMT:std_type_info_static.obj
 0001:00001c08       __isa_available_init       0000000180002c08 f   LIBCMT:_cpu_disp_.obj
 0001:00001dd0       _get_startup_argv_mode     0000000180002dd0 f   LIBCMT:argv_mode.obj
 0001:00001dd0       DllMain                    0000000180002dd0 f   LIBCMT:dll_dllmain_stub.obj
 0001:00001dd8       __scrt_is_ucrt_dll_in_use  0000000180002dd8 f   LIBCMT:ucrt_detection.obj
 0001:00001de4       ??3@YAXPEAX@Z              0000000180002de4 f   LIBCMT:delete_scalar.obj
 0001:00001df0       __C_specific_handler       0000000180002df0 f   libvcruntime:_chandler_.obj
 0001:00001fec       __std_exception_copy       0000000180002fec f   libvcruntime:std_exception.obj
 0001:0000207c       __std_exception_destroy    000000018000307c f   libvcruntime:std_exception.obj
 0001:000020a4       _CxxThrowException         00000001800030a4 f   libvcruntime:throw.obj
 0001:0000217c       __vcrt_initialize          000000018000317c f   libvcruntime:initialization.obj
 0001:000021b0       __vcrt_thread_attach       00000001800031b0 f   libvcruntime:initialization.obj
 0001:000021c4       __vcrt_thread_detach       00000001800031c4 f   libvcruntime:initialization.obj
 0001:000021d8       __vcrt_uninitialize        00000001800031d8 f   libvcruntime:initialization.obj
 0001:000021f8       __vcrt_uninitialize_critical 00000001800031f8 f   libvcruntime:initialization.obj
 0001:00002208       __std_type_info_destroy_list 0000000180003208 f   libvcruntime:std_type_info.obj
 0001:00002250       memset                     0000000180003250 f   libvcruntime:memset.obj
 0001:00002400       _local_unwind              0000000180003400 f   libvcruntime:_jmpuwind_.obj
 0001:00002430       _NLG_Notify                0000000180003430 f   libvcruntime:_jmpuwind_.obj
 0001:00002450       __NLG_Dispatch2            0000000180003450 f   libvcruntime:_jmpuwind_.obj
 0001:00002460       __NLG_Return2              0000000180003460 f   libvcruntime:_jmpuwind_.obj
 0001:00002464       __vcrt_freefls             0000000180003464 f   libvcruntime:per_thread_data.obj
 0001:00002484       __vcrt_freeptd             0000000180003484 f   libvcruntime:per_thread_data.obj
 0001:000024d4       __vcrt_getptd_noexit       00000001800034d4 f   libvcruntime:per_thread_data.obj
 0001:0000258c       __vcrt_initialize_ptd      000000018000358c f   libvcruntime:per_thread_data.obj
 0001:000025cc       __vcrt_uninitialize_ptd    00000001800035cc f   libvcruntime:per_thread_data.obj
 0001:000025f0       __vcrt_initialize_locks    00000001800035f0 f   libvcruntime:locks.obj
 0001:00002638       __vcrt_uninitialize_locks  0000000180003638 f   libvcruntime:locks.obj
 0001:00002838       __vcrt_FlsAlloc            0000000180003838 f   libvcruntime:winapi_downlevel.obj
 0001:0000288c       __vcrt_FlsFree             000000018000388c f   libvcruntime:winapi_downlevel.obj
 0001:000028e0       __vcrt_FlsGetValue         00000001800038e0 f   libvcruntime:winapi_downlevel.obj
 0001:00002934       __vcrt_FlsSetValue         0000000180003934 f   libvcruntime:winapi_downlevel.obj
 0001:0000299c       __vcrt_InitializeCriticalSectionEx 000000018000399c f   libvcruntime:winapi_downlevel.obj
 0001:00002a14       __vcrt_initialize_winapi_thunks 0000000180003a14 f   libvcruntime:winapi_downlevel.obj
 0001:00002a60       __vcrt_uninitialize_winapi_thunks 0000000180003a60 f   libvcruntime:winapi_downlevel.obj
 0001:00002aa0       __vcrt_initialize_pure_virtual_call_handler 0000000180003aa0 f   libvcruntime:purevirt_data.obj
 0001:00002ac4       ??0_LocaleUpdate@@QEAA@QEAU__crt_locale_pointers@@@Z 0000000180003ac4 f i libucrt:stricmp.obj
 0001:00002b54       __ascii_stricmp            0000000180003b54 f   libucrt:stricmp.obj
 0001:00002b90       _stricmp                   0000000180003b90 f   libucrt:stricmp.obj
 0001:00002bd8       _stricmp_l                 0000000180003bd8 f   libucrt:stricmp.obj
 0001:00002c8c       __acrt_initialize_new_handler 0000000180003c8c f   libucrt:new_handler.obj
 0001:00002c94       _callnewh                  0000000180003c94 f   libucrt:new_handler.obj
 0001:00002cd4       _query_new_handler         0000000180003cd4 f   libucrt:new_handler.obj
 0001:00002d08       malloc                     0000000180003d08 f   libucrt:malloc.obj
 0001:00002d10       _initterm                  0000000180003d10 f   libucrt:initterm.obj
 0001:00002d88       _initterm_e                0000000180003d88 f   libucrt:initterm.obj
 0001:00002dd4       _seh_filter_dll            0000000180003dd4 f   libucrt:exception_filter.obj
 0001:00002de8       _seh_filter_exe            0000000180003de8 f   libucrt:exception_filter.obj
 0001:000031a8       __acrt_initialize_thread_local_exit_callback 00000001800041a8 f   libucrt:exit.obj
 0001:000031b0       _cexit                     00000001800041b0 f   libucrt:exit.obj
 0001:000031c0       _exit                      00000001800041c0 f   libucrt:exit.obj
 0001:000031cc       _is_c_termination_complete 00000001800041cc f   libucrt:exit.obj
 0001:00003390       __acrt_allocate_buffer_for_argv 0000000180004390 f   libucrt:argv_parsing.obj
 0001:000033f4       _configure_narrow_argv     00000001800043f4 f   libucrt:argv_parsing.obj
 0001:00003750       __dcrt_uninitialize_environments_nolock 0000000180004750 f   libucrt:environment_initialization.obj
 0001:00003788       _initialize_narrow_environment 0000000180004788 f   libucrt:environment_initialization.obj
 0001:00003790       ??$?RV<lambda_b8c45f8f788dd370798f47cfe8ac3a86>@@AEAV<lambda_4e60a939b0d047cfe11ddc22648dfba9>@@V<lambda_332c3edc96d0294ec56c57d38c1cdfd5>@@@?$__crt_seh_guarded_call@H@@QEAAH$$QEAV<lambda_b8c45f8f788dd370798f47cfe8ac3a86>@@AEAV<lambda_4e60a939b0d047cfe11ddc22648dfba9>@@$$QEAV<lambda_332c3edc96d0294ec56c57d38c1cdfd5>@@@Z 0000000180004790 f i libucrt:onexit.obj
 0001:000037cc       ??$?RV<lambda_e24bbb7b643b32fcea6fa61b31d4c984>@@AEAV<lambda_275893d493268fdec8709772e3fcec0e>@@V<lambda_9d71df4d7cf3f480f8d633942495c3b0>@@@?$__crt_seh_guarded_call@H@@QEAAH$$QEAV<lambda_e24bbb7b643b32fcea6fa61b31d4c984>@@AEAV<lambda_275893d493268fdec8709772e3fcec0e>@@$$QEAV<lambda_9d71df4d7cf3f480f8d633942495c3b0>@@@Z 00000001800047cc f i libucrt:onexit.obj
 0001:00003b48       _crt_atexit                0000000180004b48 f   libucrt:onexit.obj
 0001:00003b58       _execute_onexit_table      0000000180004b58 f   libucrt:onexit.obj
 0001:00003b94       _initialize_onexit_table   0000000180004b94 f   libucrt:onexit.obj
 0001:00003bd4       _register_onexit_function  0000000180004bd4 f   libucrt:onexit.obj
 0001:00003c64       __acrt_uninitialize_command_line 0000000180004c64 f   libucrt:argv_data.obj
 0001:00003d54       __acrt_initialize          0000000180004d54 f   libucrt:initialization.obj
 0001:00003d68       __acrt_thread_attach       0000000180004d68 f   libucrt:initialization.obj
 0001:00003d7c       __acrt_thread_detach       0000000180004d7c f   libucrt:initialization.obj
 0001:00003d8c       __acrt_uninitialize        0000000180004d8c f   libucrt:initialization.obj
 0001:00003da0       __acrt_uninitialize_critical 0000000180004da0 f   libucrt:initialization.obj
 0001:00003db0       terminate                  0000000180004db0 f   libucrt:terminate.obj
 0001:00003dd8       free                       0000000180004dd8 f   libucrt:free.obj
 0001:00003de0       strcpy_s                   0000000180004de0 f   libucrt:strcpy_s.obj
 0001:00003e40       _free_base                 0000000180004e40 f   libucrt:free_base.obj
 0001:00003e80       _malloc_base               0000000180004e80 f   libucrt:malloc_base.obj
 0001:00003ee0       abort                      0000000180004ee0 f   libucrt:abort.obj
 0001:00003f38       _calloc_base               0000000180004f38 f   libucrt:calloc_base.obj
 0001:00003fb0       __acrt_call_reportfault    0000000180004fb0 f   libucrt:invalid_parameter.obj
 0001:0000410c       __acrt_initialize_invalid_parameter_handler 000000018000510c f   libucrt:invalid_parameter.obj
 0001:00004114       _invalid_parameter         0000000180005114 f   libucrt:invalid_parameter.obj
 0001:000041bc       _invalid_parameter_noinfo  00000001800051bc f   libucrt:invalid_parameter.obj
 0001:000041dc       _invoke_watson             00000001800051dc f   libucrt:invalid_parameter.obj
 0001:00004224       __acrt_errno_from_os_error 0000000180005224 f   libucrt:errno.obj
 0001:0000426c       __acrt_errno_map_os_error  000000018000526c f   libucrt:errno.obj
 0001:000042bc       __doserrno                 00000001800052bc f   libucrt:errno.obj
 0001:000042dc       _errno                     00000001800052dc f   libucrt:errno.obj
 0001:0000434c       _tolower_l                 000000018000534c f   libucrt:tolower_toupper.obj
 0001:0000448c       ??$?RV<lambda_46352004c1216016012b18bd6f87e700>@@AEAV<lambda_3bd07e1a1191394380780325891bf33f>@@V<lambda_334532d3f185bcaa59b5be82d7d22bff>@@@?$__crt_seh_guarded_call@X@@QEAAX$$QEAV<lambda_46352004c1216016012b18bd6f87e700>@@AEAV<lambda_3bd07e1a1191394380780325891bf33f>@@$$QEAV<lambda_334532d3f185bcaa59b5be82d7d22bff>@@@Z 000000018000548c f i libucrt:per_thread_data.obj
 0001:000044ec       ??$?RV<lambda_5e887d1dcbef67a5eb4283622ba103bf>@@AEAV<lambda_4466841279450cc726390878d4a41900>@@V<lambda_341c25c0346d94847f1f3c463c57e077>@@@?$__crt_seh_guarded_call@X@@QEAAX$$QEAV<lambda_5e887d1dcbef67a5eb4283622ba103bf>@@AEAV<lambda_4466841279450cc726390878d4a41900>@@$$QEAV<lambda_341c25c0346d94847f1f3c463c57e077>@@@Z 00000001800054ec f i libucrt:per_thread_data.obj
 0001:00004534       ??$?RV<lambda_72d1df2b273a38828b1ce30cbf4cdab5>@@AEAV<lambda_876a65b173b8412d3a47c70a915b0cf4>@@V<lambda_41932305e351933ebe8f8be3ed8bb5dc>@@@?$__crt_seh_guarded_call@X@@QEAAX$$QEAV<lambda_72d1df2b273a38828b1ce30cbf4cdab5>@@AEAV<lambda_876a65b173b8412d3a47c70a915b0cf4>@@$$QEAV<lambda_41932305e351933ebe8f8be3ed8bb5dc>@@@Z 0000000180005534 f i libucrt:per_thread_data.obj
 0001:00004574       ??$?RV<lambda_fb3a7dec4e47f37f22dae91bb15c9095>@@AEAV<lambda_698284760c8add0bfb0756c19673e34b>@@V<lambda_dfb8eca1e75fef3034a8fb18dd509707>@@@?$__crt_seh_guarded_call@X@@QEAAX$$QEAV<lambda_fb3a7dec4e47f37f22dae91bb15c9095>@@AEAV<lambda_698284760c8add0bfb0756c19673e34b>@@$$QEAV<lambda_dfb8eca1e75fef3034a8fb18dd509707>@@@Z 0000000180005574 f i libucrt:per_thread_data.obj
 0001:00004804       __acrt_freeptd             0000000180005804 f   libucrt:per_thread_data.obj
 0001:00004848       __acrt_getptd              0000000180005848 f   libucrt:per_thread_data.obj
 0001:000048dc       __acrt_getptd_noexit       00000001800058dc f   libucrt:per_thread_data.obj
 0001:0000497c       __acrt_initialize_ptd      000000018000597c f   libucrt:per_thread_data.obj
 0001:000049b8       __acrt_uninitialize_ptd    00000001800059b8 f   libucrt:per_thread_data.obj
 0001:000049dc       __acrt_update_locale_info  00000001800059dc f   libucrt:locale_update.obj
 0001:00004a10       __acrt_update_multibyte_info 0000000180005a10 f   libucrt:locale_update.obj
 0001:00004a44       __acrt_set_locale_changed  0000000180005a44 f   libucrt:wsetlocale.obj
 0001:00004a50       __acrt_uninitialize_locale 0000000180005a50 f   libucrt:wsetlocale.obj
 0001:00004a98       __acrt_initialize_locks    0000000180005a98 f   libucrt:locks.obj
 0001:00004ae0       __acrt_lock                0000000180005ae0 f   libucrt:locks.obj
 0001:00004afc       __acrt_uninitialize_locks  0000000180005afc f   libucrt:locks.obj
 0001:00004b34       __acrt_unlock              0000000180005b34 f   libucrt:locks.obj
 0001:00004cf0       __acrt_FlsAlloc            0000000180005cf0 f   libucrt:winapi_thunks.obj
 0001:00004d48       __acrt_FlsFree             0000000180005d48 f   libucrt:winapi_thunks.obj
 0001:00004da0       __acrt_FlsGetValue         0000000180005da0 f   libucrt:winapi_thunks.obj
 0001:00004df8       __acrt_FlsSetValue         0000000180005df8 f   libucrt:winapi_thunks.obj
 0001:00004e60       __acrt_InitializeCriticalSectionEx 0000000180005e60 f   libucrt:winapi_thunks.obj
 0001:00004ed8       __acrt_LCMapStringEx       0000000180005ed8 f   libucrt:winapi_thunks.obj
 0001:00004fc8       __acrt_LocaleNameToLCID    0000000180005fc8 f   libucrt:winapi_thunks.obj
 0001:00005030       __acrt_initialize_winapi_thunks 0000000180006030 f   libucrt:winapi_thunks.obj
 0001:00005068       __acrt_is_packaged_app     0000000180006068 f   libucrt:winapi_thunks.obj
 0001:000050f0       __acrt_uninitialize_winapi_thunks 00000001800060f0 f   libucrt:winapi_thunks.obj
 0001:00005610       ?expand_if_necessary@?$argument_list@D@?A0xca0879c4@@AEAAHXZ 0000000180006610 f i libucrt:argv_wildcards.obj
 0001:000056d8       __acrt_expand_narrow_argv_wildcards 00000001800066d8 f   libucrt:argv_wildcards.obj
 0001:000056e0       ??$?RV<lambda_99476a1ad63dd22509b5d3e65b0ffc95>@@AEAV<lambda_ad1ced32f4ac17aa236e5ef05d6b3b7c>@@V<lambda_f7424dd8d45958661754dc4f2697e9c3>@@@?$__crt_seh_guarded_call@X@@QEAAX$$QEAV<lambda_99476a1ad63dd22509b5d3e65b0ffc95>@@AEAV<lambda_ad1ced32f4ac17aa236e5ef05d6b3b7c>@@$$QEAV<lambda_f7424dd8d45958661754dc4f2697e9c3>@@@Z 00000001800066e0 f i libucrt:mbctype.obj
 0001:00005ddc       __acrt_initialize_multibyte 0000000180006ddc f   libucrt:mbctype.obj
 0001:00005e04       __acrt_update_thread_multibyte_data 0000000180006e04 f   libucrt:mbctype.obj
 0001:00005ec4       _setmbcp_nolock            0000000180006ec4 f   libucrt:mbctype.obj
 0001:000061e4       _ismbblead                 00000001800071e4 f   libucrt:ismbbyte.obj
 0001:000061f8       __acrt_initialize_command_line 00000001800071f8 f   libucrt:argv_data.obj
 0001:00006220       __dcrt_get_narrow_environment_from_os 0000000180007220 f   libucrt:get_environment_from_os.obj
 0001:00006324       _recalloc                  0000000180007324 f   libucrt:recalloc.obj
 0001:0000632c       _recalloc_base             000000018000732c f   libucrt:recalloc.obj
 0001:000063c4       __acrt_initialize_heap     00000001800073c4 f   libucrt:heap_handle.obj
 0001:000063e0       __acrt_uninitialize_heap   00000001800073e0 f   libucrt:heap_handle.obj
 0001:000065d4       __acrt_initialize_lowio    00000001800075d4 f   libucrt:ioinit.obj
 0001:00006610       __acrt_uninitialize_lowio  0000000180007610 f   libucrt:ioinit.obj
 0001:00006650       __acrt_execute_initializers 0000000180007650 f   libucrt:shared_initialization.obj
 0001:000066e4       __acrt_execute_uninitializers 00000001800076e4 f   libucrt:shared_initialization.obj
 0001:00006734       ??$?RV<lambda_c36588078e9f5dfd39652860aa6b3aaf>@@AEAV<lambda_ec61778202f4f5fc7e7711acc23c3bca>@@V<lambda_dc9d2797ccde5d239b4a0efae8ebd7db>@@@?$__crt_seh_guarded_call@P6AXH@Z@@QEAAP6AXH@Z$$QEAV<lambda_c36588078e9f5dfd39652860aa6b3aaf>@@AEAV<lambda_ec61778202f4f5fc7e7711acc23c3bca>@@$$QEAV<lambda_dc9d2797ccde5d239b4a0efae8ebd7db>@@@Z 0000000180007734 f i libucrt:signal.obj
 0001:0000677c       __acrt_get_sigabrt_handler 000000018000777c f   libucrt:signal.obj
 0001:000067ac       __acrt_initialize_signal_handlers 00000001800077ac f   libucrt:signal.obj
 0001:000067cc       raise                      00000001800077cc f   libucrt:signal.obj
 0001:00006a68       __acrt_has_user_matherr    0000000180007a68 f   libucrt:matherr.obj
 0001:00006a88       __acrt_initialize_user_matherr 0000000180007a88 f   libucrt:matherr.obj
 0001:00006a90       __acrt_invoke_user_matherr 0000000180007a90 f   libucrt:matherr.obj
 0001:00006ad8       _query_new_mode            0000000180007ad8 f   libucrt:new_mode.obj
 0001:00006ae0       _mbtowc_l                  0000000180007ae0 f   libucrt:mbtowc.obj
 0001:00006c28       mbtowc                     0000000180007c28 f   libucrt:mbtowc.obj
 0001:00006c30       _fileno                    0000000180007c30 f   libucrt:fileno.obj
 0001:00006c58       __acrt_initialize_stdio    0000000180007c58 f   libucrt:_file.obj
 0001:00006d78       __acrt_uninitialize_stdio  0000000180007d78 f   libucrt:_file.obj
 0001:00006dd4       _lock_file                 0000000180007dd4 f   libucrt:_file.obj
 0001:00006de0       _unlock_file               0000000180007de0 f   libucrt:_file.obj
 0001:00006dec       __pctype_func              0000000180007dec f   libucrt:ctype.obj
 0001:00006e1c       _isctype_l                 0000000180007e1c f   libucrt:isctype.obj
 0001:00006f2c       _isleadbyte_l              0000000180007f2c f i libucrt:_wctype.obj
 0001:000072c8       __acrt_LCMapStringA        00000001800082c8 f   libucrt:lcmapstringa.obj
 0001:00007360       __acrt_add_locale_ref      0000000180008360 f   libucrt:locale_refcounting.obj
 0001:000073ec       __acrt_free_locale         00000001800083ec f   libucrt:locale_refcounting.obj
 0001:00007564       __acrt_locale_add_lc_time_reference 0000000180008564 f   libucrt:locale_refcounting.obj
 0001:0000758c       __acrt_locale_free_lc_time_if_unreferenced 000000018000858c f   libucrt:locale_refcounting.obj
 0001:000075c4       __acrt_locale_release_lc_time_reference 00000001800085c4 f   libucrt:locale_refcounting.obj
 0001:000075ec       __acrt_release_locale_ref  00000001800085ec f   libucrt:locale_refcounting.obj
 0001:00007694       __acrt_update_thread_locale_data 0000000180008694 f   libucrt:locale_refcounting.obj
 0001:00007704       _updatetlocinfoEx_nolock   0000000180008704 f   libucrt:locale_refcounting.obj
 0001:0000776c       __acrt_locale_free_monetary 000000018000876c f   libucrt:initmon.obj
 0001:00007878       __acrt_locale_free_numeric 0000000180008878 f   libucrt:initnum.obj
 0001:0000793c       __acrt_locale_free_time    000000018000893c f   libucrt:inittime.obj
 0001:00007a44       __acrt_GetStringTypeA      0000000180008a44 f   libucrt:getstringtypea.obj
 0001:00007cc0       __acrt_DownlevelLocaleNameToLCID 0000000180008cc0 f   libucrt:lcidtoname_downlevel.obj
 0001:00007dd0       qsort                      0000000180008dd0 f   libucrt:qsort.obj
 0001:00008104       strncpy_s                  0000000180009104 f   libucrt:strncpy_s.obj
 0001:000081d8       strpbrk                    00000001800091d8 f   libucrt:strpbrk.obj
 0001:00008278       _mbsdec                    0000000180009278 f   libucrt:mbsdec.obj
 0001:00008280       _mbsdec_l                  0000000180009280 f   libucrt:mbsdec.obj
 0001:00008330       _msize                     0000000180009330 f   libucrt:msize.obj
 0001:0000836c       _realloc_base              000000018000936c f   libucrt:realloc_base.obj
 0001:000083f0       __acrt_lowio_create_handle_array 00000001800093f0 f   libucrt:osfinfo.obj
 0001:00008488       __acrt_lowio_destroy_handle_array 0000000180009488 f   libucrt:osfinfo.obj
 0001:000084d8       __acrt_lowio_ensure_fh_exists 00000001800094d8 f   libucrt:osfinfo.obj
 0001:00008590       __acrt_lowio_lock_fh       0000000180009590 f   libucrt:osfinfo.obj
 0001:000085b4       __acrt_lowio_unlock_fh     00000001800095b4 f   libucrt:osfinfo.obj
 0001:000085d8       _free_osfhnd               00000001800095d8 f   libucrt:osfinfo.obj
 0001:00008694       _get_osfhandle             0000000180009694 f   libucrt:osfinfo.obj
 0001:0000870c       _isatty                    000000018000970c f   libucrt:isatty.obj
 0001:0000876c       __acrt_stdio_flush_nolock  000000018000976c f   libucrt:fflush.obj
 0001:000087e4       _fflush_nolock             00000001800097e4 f   libucrt:fflush.obj
 0001:00008830       _flushall                  0000000180009830 f   libucrt:fflush.obj
 0001:00008920       _fcloseall                 0000000180009920 f   libucrt:closeall.obj
 0001:000089d4       __acrt_stdio_free_buffer_nolock 00000001800099d4 f   libucrt:_freebuf.obj
 0001:00008a14       __strncnt                  0000000180009a14 f   libucrt:strncnt.obj
 0001:00008a2c       _query_app_type            0000000180009a2c f   libucrt:report_runtime_error.obj
 0001:00008a34       ??$?RV<lambda_b521505b218e5242e90febf6bfebc422>@@AEAV<lambda_6978c1fb23f02e42e1d9e99668cc68aa>@@V<lambda_314360699dd331753a4119843814e9a7>@@@?$__crt_seh_guarded_call@H@@QEAAH$$QEAV<lambda_b521505b218e5242e90febf6bfebc422>@@AEAV<lambda_6978c1fb23f02e42e1d9e99668cc68aa>@@$$QEAV<lambda_314360699dd331753a4119843814e9a7>@@@Z 0000000180009a34 f i libucrt:commit.obj
 0001:00008ac0       _commit                    0000000180009ac0 f   libucrt:commit.obj
 0001:000090f4       _write                     000000018000a0f4 f   libucrt:write.obj
 0001:000091e0       _write_nolock              000000018000a1e0 f   libucrt:write.obj
 0001:000094d0       log10                      000000018000a4d0 f   libucrt:log10.obj
 0001:00009b18       _lseeki64_nolock           000000018000ab18 f   libucrt:lseek.obj
 0001:00009b20       _fclose_nolock             000000018000ab20 f   libucrt:fclose.obj
 0001:00009ba4       fclose                     000000018000aba4 f   libucrt:fclose.obj
 0001:00009c10       _putwch_nolock             000000018000ac10 f   libucrt:putwch.obj
 0001:00009d90       _handle_error              000000018000ad90 f   libucrt:libm_error.obj
 0001:00009ec0       __acrt_initialize_fma3     000000018000aec0 f   libucrt:fma3_available.obj
 0001:00009f30       _log10_special             000000018000af30 f   libucrt:log_special.obj
 0001:00009fe8       ??$?RV<lambda_bfedae4ebbf01fab1bb6dcc6a9e276e0>@@AEAV<lambda_2fe9b910cf3cbf4a0ab98a02ba45b3ec>@@V<lambda_237c231691f317818eb88cc1d5d642d6>@@@?$__crt_seh_guarded_call@H@@QEAAH$$QEAV<lambda_bfedae4ebbf01fab1bb6dcc6a9e276e0>@@AEAV<lambda_2fe9b910cf3cbf4a0ab98a02ba45b3ec>@@$$QEAV<lambda_237c231691f317818eb88cc1d5d642d6>@@@Z 000000018000afe8 f i libucrt:close.obj
 0001:0000a05c       _close                     000000018000b05c f   libucrt:close.obj
 0001:0000a100       _close_nolock              000000018000b100 f   libucrt:close.obj
 0001:0000a1bc       ?__acrt_stdio_free_stream@@YAXV__crt_stdio_stream@@@Z 000000018000b1bc f   libucrt:stream.obj
 0001:0000a200       __dcrt_lowio_initialize_console_output 000000018000b200 f   libucrt:initcon.obj
 0001:0000a23c       __dcrt_terminate_console_output 000000018000b23c f   libucrt:initcon.obj
 0001:0000a270       _get_fpsr                  000000018000b270 f   libucrt:fpsr.obj
 0001:0000a280       _set_fpsr                  000000018000b280 f   libucrt:fpsr.obj
 0001:0000a28a       _fclrf                     000000018000b28a f   libucrt:fpsr.obj
 0001:0000a29e       _frnd                      000000018000b29e f   libucrt:fpsr.obj
 0001:0000a2c0       _raise_exc                 000000018000b2c0 f   libucrt:fpexcept.obj
 0001:0000a2e8       _raise_exc_ex              000000018000b2e8 f   libucrt:fpexcept.obj
 0001:0000a5f0       _set_errno_from_matherr    000000018000b5f0 f   libucrt:fpexcept.obj
 0001:0000a620       _clrfp                     000000018000b620 f   libucrt:fpctrl.obj
 0001:0000a640       _ctrlfp                    000000018000b640 f   libucrt:fpctrl.obj
 0001:0000a6bc       _set_statfp                000000018000b6bc f   libucrt:fpctrl.obj
 0001:0000a6dc       _statfp                    000000018000b6dc f   libucrt:fpctrl.obj
 0001:0000a6ee       IsProcessorFeaturePresent  000000018000b6ee f   kernel32:KERNEL32.dll
 0001:0000a6f4       RtlUnwindEx                000000018000b6f4 f   kernel32:KERNEL32.dll
 0001:0000a6fc       ?DloadAcquireSectionWriteAccess@@YAXXZ 000000018000b6fc f i DelayImp:delayhlp.obj
 0001:0000a7b8       ?DloadGetSRWLockFunctionPointers@@YAEXZ 000000018000b7b8 f i DelayImp:delayhlp.obj
 0001:0000a854       ?DloadMakePermanentImageCommit@@YAXPEAX_K@Z 000000018000b854 f i DelayImp:delayhlp.obj
 0001:0000a8ec       ?DloadObtainSection@@YAPEAXPEAK0@Z 000000018000b8ec f i DelayImp:delayhlp.obj
 0001:0000a984       ?DloadProtectSection@@YAXKPEAK@Z 000000018000b984 f i DelayImp:delayhlp.obj
 0001:0000aa14       ?DloadReleaseSectionWriteAccess@@YAXXZ 000000018000ba14 f i DelayImp:delayhlp.obj
 0001:0000aab8       __delayLoadHelper2         000000018000bab8 f   DelayImp:delayhlp.obj
 0001:0000adc0       _FindPESection             000000018000bdc0 f   LIBCMT:pesect.obj
 0001:0000ae10       _IsNonwritableInCurrentImage 000000018000be10 f   LIBCMT:pesect.obj
 0001:0000ae60       _ValidateImageBase         000000018000be60 f   LIBCMT:pesect.obj
 0001:0000ae90       __GSHandlerCheck           000000018000be90 f   LIBCMT:_gshandler_.obj
 0001:0000aeb0       __GSHandlerCheckCommon     000000018000beb0 f   LIBCMT:_gshandler_.obj
 0001:0000af20       __chkstk                   000000018000bf20 f   LIBCMT:_chkstk_.obj
 0001:0000af20       _alloca_probe              000000018000bf20 f   LIBCMT:_chkstk_.obj
 0001:0000af90       memcpy                     000000018000bf90 f   libvcruntime:memcpy.obj
 0001:0000af90       memmove                    000000018000bf90 f   libvcruntime:memcpy.obj
 0001:0000b3e0       memcmp                     000000018000c3e0 f   libvcruntime:memcmp.obj
 0001:0000b4c0       _guard_dispatch_icall_nop  000000018000c4c0 f   LIBCMT:_guard_dispatch_.obj
 0002:00000000       __imp_GetModuleHandleA     000000018000d000     kernel32:KERNEL32.dll
 0002:00000008       __imp_RtlCaptureContext    000000018000d008     kernel32:KERNEL32.dll
 0002:00000010       __imp_RtlLookupFunctionEntry 000000018000d010     kernel32:KERNEL32.dll
 0002:00000018       __imp_RtlVirtualUnwind     000000018000d018     kernel32:KERNEL32.dll
 0002:00000020       __imp_UnhandledExceptionFilter 000000018000d020     kernel32:KERNEL32.dll
 0002:00000028       __imp_SetUnhandledExceptionFilter 000000018000d028     kernel32:KERNEL32.dll
 0002:00000030       __imp_GetCurrentProcess    000000018000d030     kernel32:KERNEL32.dll
 0002:00000038       __imp_TerminateProcess     000000018000d038     kernel32:KERNEL32.dll
 0002:00000040       __imp_IsProcessorFeaturePresent 000000018000d040     kernel32:KERNEL32.dll
 0002:00000048       __imp_QueryPerformanceCounter 000000018000d048     kernel32:KERNEL32.dll
 0002:00000050       __imp_GetCurrentProcessId  000000018000d050     kernel32:KERNEL32.dll
 0002:00000058       __imp_GetCurrentThreadId   000000018000d058     kernel32:KERNEL32.dll
 0002:00000060       __imp_GetSystemTimeAsFileTime 000000018000d060     kernel32:KERNEL32.dll
 0002:00000068       __imp_InitializeSListHead  000000018000d068     kernel32:KERNEL32.dll
 0002:00000070       __imp_IsDebuggerPresent    000000018000d070     kernel32:KERNEL32.dll
 0002:00000078       __imp_GetStartupInfoW      000000018000d078     kernel32:KERNEL32.dll
 0002:00000080       __imp_GetModuleHandleW     000000018000d080     kernel32:KERNEL32.dll
 0002:00000088       __imp_RtlUnwindEx          000000018000d088     kernel32:KERNEL32.dll
 0002:00000090       __imp_RtlPcToFileHeader    000000018000d090     kernel32:KERNEL32.dll
 0002:00000098       __imp_RaiseException       000000018000d098     kernel32:KERNEL32.dll
 0002:000000a0       __imp_InterlockedFlushSList 000000018000d0a0     kernel32:KERNEL32.dll
 0002:000000a8       __imp_GetLastError         000000018000d0a8     kernel32:KERNEL32.dll
 0002:000000b0       __imp_SetLastError         000000018000d0b0     kernel32:KERNEL32.dll
 0002:000000b8       __imp_EnterCriticalSection 000000018000d0b8     kernel32:KERNEL32.dll
 0002:000000c0       __imp_LeaveCriticalSection 000000018000d0c0     kernel32:KERNEL32.dll
 0002:000000c8       __imp_DeleteCriticalSection 000000018000d0c8     kernel32:KERNEL32.dll
 0002:000000d0       __imp_InitializeCriticalSectionAndSpinCount 000000018000d0d0     kernel32:KERNEL32.dll
 0002:000000d8       __imp_TlsAlloc             000000018000d0d8     kernel32:KERNEL32.dll
 0002:000000e0       __imp_TlsGetValue          000000018000d0e0     kernel32:KERNEL32.dll
 0002:000000e8       __imp_TlsSetValue          000000018000d0e8     kernel32:KERNEL32.dll
 0002:000000f0       __imp_TlsFree              000000018000d0f0     kernel32:KERNEL32.dll
 0002:000000f8       __imp_FreeLibrary          000000018000d0f8     kernel32:KERNEL32.dll
 0002:00000100       __imp_GetProcAddress       000000018000d100     kernel32:KERNEL32.dll
 0002:00000108       __imp_LoadLibraryExW       000000018000d108     kernel32:KERNEL32.dll
 0002:00000110       __imp_ExitProcess          000000018000d110     kernel32:KERNEL32.dll
 0002:00000118       __imp_GetModuleHandleExW   000000018000d118     kernel32:KERNEL32.dll
 0002:00000120       __imp_GetModuleFileNameA   000000018000d120     kernel32:KERNEL32.dll
 0002:00000128       __imp_MultiByteToWideChar  000000018000d128     kernel32:KERNEL32.dll
 0002:00000130       __imp_WideCharToMultiByte  000000018000d130     kernel32:KERNEL32.dll
 0002:00000138       __imp_HeapFree             000000018000d138     kernel32:KERNEL32.dll
 0002:00000140       __imp_HeapAlloc            000000018000d140     kernel32:KERNEL32.dll
 0002:00000148       __imp_GetACP               000000018000d148     kernel32:KERNEL32.dll
 0002:00000150       __imp_LCMapStringW         000000018000d150     kernel32:KERNEL32.dll
 0002:00000158       __imp_FindClose            000000018000d158     kernel32:KERNEL32.dll
 0002:00000160       __imp_FindFirstFileExA     000000018000d160     kernel32:KERNEL32.dll
 0002:00000168       __imp_FindNextFileA        000000018000d168     kernel32:KERNEL32.dll
 0002:00000170       __imp_IsValidCodePage      000000018000d170     kernel32:KERNEL32.dll
 0002:00000178       __imp_GetOEMCP             000000018000d178     kernel32:KERNEL32.dll
 0002:00000180       __imp_GetCPInfo            000000018000d180     kernel32:KERNEL32.dll
 0002:00000188       __imp_GetCommandLineA      000000018000d188     kernel32:KERNEL32.dll
 0002:00000190       __imp_GetCommandLineW      000000018000d190     kernel32:KERNEL32.dll
 0002:00000198       __imp_GetEnvironmentStringsW 000000018000d198     kernel32:KERNEL32.dll
 0002:000001a0       __imp_FreeEnvironmentStringsW 000000018000d1a0     kernel32:KERNEL32.dll
 0002:000001a8       __imp_GetProcessHeap       000000018000d1a8     kernel32:KERNEL32.dll
 0002:000001b0       __imp_GetStdHandle         000000018000d1b0     kernel32:KERNEL32.dll
 0002:000001b8       __imp_GetFileType          000000018000d1b8     kernel32:KERNEL32.dll
 0002:000001c0       __imp_GetStringTypeW       000000018000d1c0     kernel32:KERNEL32.dll
 0002:000001c8       __imp_HeapSize             000000018000d1c8     kernel32:KERNEL32.dll
 0002:000001d0       __imp_HeapReAlloc          000000018000d1d0     kernel32:KERNEL32.dll
 0002:000001d8       __imp_SetStdHandle         000000018000d1d8     kernel32:KERNEL32.dll
 0002:000001e0       __imp_WriteFile            000000018000d1e0     kernel32:KERNEL32.dll
 0002:000001e8       __imp_FlushFileBuffers     000000018000d1e8     kernel32:KERNEL32.dll
 0002:000001f0       __imp_GetConsoleCP         000000018000d1f0     kernel32:KERNEL32.dll
 0002:000001f8       __imp_GetConsoleMode       000000018000d1f8     kernel32:KERNEL32.dll
 0002:00000200       __imp_SetFilePointerEx     000000018000d200     kernel32:KERNEL32.dll
 0002:00000208       __imp_CloseHandle          000000018000d208     kernel32:KERNEL32.dll
 0002:00000210       __imp_WriteConsoleW        000000018000d210     kernel32:KERNEL32.dll
 0002:00000218       __imp_CreateFileW          000000018000d218     kernel32:KERNEL32.dll
 0002:00000220       __imp_GetSystemInfo        000000018000d220     kernel32:KERNEL32.dll
 0002:00000228       __imp_VirtualProtect       000000018000d228     kernel32:KERNEL32.dll
 0002:00000230       __imp_VirtualQuery         000000018000d230     kernel32:KERNEL32.dll
 0002:00000238       __imp_LoadLibraryExA       000000018000d238     kernel32:KERNEL32.dll
 0002:00000240       \177KERNEL32_NULL_THUNK_DATA 000000018000d240     kernel32:KERNEL32.dll
 0002:00000248       __guard_check_icall_fptr   000000018000d248     LIBCMT:guard_support.obj
 0002:00000250       __guard_dispatch_icall_fptr 000000018000d250     LIBCMT:guard_support.obj
 0002:00000258       __xc_a                     000000018000d258     LIBCMT:initializers.obj
 0002:00000260       _register_addon_           000000018000d260     halt.obj
 0002:00000268       __xc_z                     000000018000d268     LIBCMT:initializers.obj
 0002:00000270       __xi_a                     000000018000d270     LIBCMT:initializers.obj
 0002:00000278       __acrt_multibyte_initializer 000000018000d278     libucrt:multibyte_initializer.obj
 0002:00000280       __acrt_stdio_initializer   000000018000d280     libucrt:stdio_initializer.obj
 0002:00000288       __acrt_tran_fma3_initializer 000000018000d288     libucrt:fma3_initializer.obj
 0002:00000290       __xi_z                     000000018000d290     LIBCMT:initializers.obj
 0002:00000298       __xp_a                     000000018000d298     LIBCMT:initializers.obj
 0002:000002a0       __acrt_locale_terminator   000000018000d2a0     libucrt:locale_initializer.obj
 0002:000002a8       __dcrt_console_output_terminator 000000018000d2a8     libucrt:console_output_initializer.obj
 0002:000002b0       __acrt_stdio_terminator    000000018000d2b0     libucrt:stdio_initializer.obj
 0002:000002b8       __xp_z                     000000018000d2b8     LIBCMT:initializers.obj
 0002:000002c0       __xt_a                     000000018000d2c0     LIBCMT:initializers.obj
 0002:000002c8       __xt_z                     000000018000d2c8     LIBCMT:initializers.obj
 0002:000002d0       __sz_node_exe              000000018000d2d0     node:node.exe
 0002:000002e0       _pDefaultRawDllMain        000000018000d2e0     LIBCMT:dll_dllmain.obj
 0002:000002e0       _pRawDllMain               000000018000d2e0     LIBCMT:dll_dllmain.obj
 0002:00000300       ??_7exception@std@@6B@     000000018000d300     LIBCMT:throw_bad_alloc.obj
 0002:00000310       ??_C@_0BC@EOODALEL@Unknown?5exception?$AA@ 000000018000d310     LIBCMT:throw_bad_alloc.obj
 0002:00000330       ??_7bad_alloc@std@@6B@     000000018000d330     LIBCMT:throw_bad_alloc.obj
 0002:00000340       ??_C@_0P@GHFPNOJB@bad?5allocation?$AA@ 000000018000d340     LIBCMT:throw_bad_alloc.obj
 0002:00000358       ??_7bad_array_new_length@std@@6B@ 000000018000d358     LIBCMT:throw_bad_alloc.obj
 0002:00000368       ??_C@_0BF@KINCDENJ@bad?5array?5new?5length?$AA@ 000000018000d368     LIBCMT:throw_bad_alloc.obj
 0002:00000388       ??_7type_info@@6B@         000000018000d388     LIBCMT:std_type_info_static.obj
 0002:000003f0       ??_C@_1BC@DNHGCMLG@?$AAa?$AAd?$AAv?$AAa?$AAp?$AAi?$AA3?$AA2?$AA?$AA@ 000000018000d3f0     libvcruntime:winapi_downlevel.obj
 0002:00000408       ??_C@_1DM@KHCHBNEB@?$AAa?$AAp?$AAi?$AA?9?$AAm?$AAs?$AA?9?$AAw?$AAi?$AAn?$AA?9?$AAc?$AAo?$AAr?$AAe?$AA?9?$AAf?$AAi?$AAb?$AAe?$AAr?$AAs?$AA?9?$AAl?$AA1?$AA?9?$AA1?$AA?9?$AA1?$AA?$AA@ 000000018000d408     libvcruntime:winapi_downlevel.obj
 0002:00000448       ??_C@_1DK@LPPGFMPP@?$AAa?$AAp?$AAi?$AA?9?$AAm?$AAs?$AA?9?$AAw?$AAi?$AAn?$AA?9?$AAc?$AAo?$AAr?$AAe?$AA?9?$AAs?$AAy?$AAn?$AAc?$AAh?$AA?9?$AAl?$AA1?$AA?9?$AA2?$AA?9?$AA0?$AA?$AA@ 000000018000d448     libvcruntime:winapi_downlevel.obj
 0002:00000488       ??_C@_1BC@GDMECMAK@?$AAk?$AAe?$AAr?$AAn?$AAe?$AAl?$AA3?$AA2?$AA?$AA@ 000000018000d488     libvcruntime:winapi_downlevel.obj
 0002:000004a8       ??_C@_08KNHFBNJ@FlsAlloc?$AA@ 000000018000d4a8     libvcruntime:winapi_downlevel.obj
 0002:000004c0       ??_C@_07PEJMOBNF@FlsFree?$AA@ 000000018000d4c0     libvcruntime:winapi_downlevel.obj
 0002:000004d0       ??_C@_0M@GDNOONDI@FlsGetValue?$AA@ 000000018000d4d0     libvcruntime:winapi_downlevel.obj
 0002:000004e8       ??_C@_0M@JCPCPOEF@FlsSetValue?$AA@ 000000018000d4e8     libvcruntime:winapi_downlevel.obj
 0002:00000500       ??_C@_0BM@HCFOFFN@InitializeCriticalSectionEx?$AA@ 000000018000d500     libvcruntime:winapi_downlevel.obj
 0002:00000840       ??_C@_08EHJDFFNH@__based?$CI?$AA@ 000000018000d840     libvcruntime:undname.obj
 0002:00000850       ??_C@_07KOLFKCDI@__cdecl?$AA@ 000000018000d850     libvcruntime:undname.obj
 0002:00000858       ??_C@_08GHMPAG@__pascal?$AA@ 000000018000d858     libvcruntime:undname.obj
 0002:00000868       ??_C@_09IFJBGAPI@__stdcall?$AA@ 000000018000d868     libvcruntime:undname.obj
 0002:00000878       ??_C@_0L@NPHFGOKO@__thiscall?$AA@ 000000018000d878     libvcruntime:undname.obj
 0002:00000888       ??_C@_0L@JMKHOMEK@__fastcall?$AA@ 000000018000d888     libvcruntime:undname.obj
 0002:00000898       ??_C@_0N@BCKKPABJ@__vectorcall?$AA@ 000000018000d898     libvcruntime:undname.obj
 0002:000008a8       ??_C@_09HIJEGCPM@__clrcall?$AA@ 000000018000d8a8     libvcruntime:undname.obj
 0002:000008b4       ??_C@_06GHPCKEAG@__eabi?$AA@ 000000018000d8b4     libvcruntime:undname.obj
 0002:000008c0       ??_C@_07JOMMBBKO@__ptr64?$AA@ 000000018000d8c0     libvcruntime:undname.obj
 0002:000008c8       ??_C@_0L@PILCLIHE@__restrict?$AA@ 000000018000d8c8     libvcruntime:undname.obj
 0002:000008d8       ??_C@_0M@GFIIJFMG@__unaligned?$AA@ 000000018000d8d8     libvcruntime:undname.obj
 0002:000008e8       ??_C@_09DHDLOLLB@restrict?$CI?$AA@ 000000018000d8e8     libvcruntime:undname.obj
 0002:000008f2       ??_C@_00CNPNBAHC@?$AA@     000000018000d8f2     libvcruntime:undname.obj
 0002:000008f4       ??_C@_04NIHEBCM@?5new?$AA@ 000000018000d8f4     libvcruntime:undname.obj
 0002:00000900       ??_C@_07FPCDHGMM@?5delete?$AA@ 000000018000d900     libvcruntime:undname.obj
 0002:00000908       ??_C@_01NEMOKFLO@?$DN?$AA@ 000000018000d908     libvcruntime:undname.obj
 0002:0000090c       ??_C@_02GPIOPFAK@?$DO?$DO?$AA@ 000000018000d90c     libvcruntime:undname.obj
 0002:00000910       ??_C@_02FODMEDOG@?$DM?$DM?$AA@ 000000018000d910     libvcruntime:undname.obj
 0002:00000914       ??_C@_01DCLJPIOD@?$CB?$AA@ 000000018000d914     libvcruntime:undname.obj
 0002:00000918       ??_C@_02EGOFBIJA@?$DN?$DN?$AA@ 000000018000d918     libvcruntime:undname.obj
 0002:0000091c       ??_C@_02FDNJECIE@?$CB?$DN?$AA@ 000000018000d91c     libvcruntime:undname.obj
 0002:00000920       ??_C@_02GPECMEKF@?$FL?$FN?$AA@ 000000018000d920     libvcruntime:undname.obj
 0002:00000928       ??_C@_08LHJFAFGD@operator?$AA@ 000000018000d928     libvcruntime:undname.obj
 0002:00000934       ??_C@_02HBOOOICD@?9?$DO?$AA@ 000000018000d934     libvcruntime:undname.obj
 0002:00000938       ??_C@_01NBENCBCI@?$CK?$AA@ 000000018000d938     libvcruntime:undname.obj
 0002:0000093c       ??_C@_02ECNGHCIF@?$CL?$CL?$AA@ 000000018000d93c     libvcruntime:undname.obj
 0002:00000940       ??_C@_02BAABKJLB@?9?9?$AA@ 000000018000d940     libvcruntime:undname.obj
 0002:00000944       ??_C@_01JOAMLHOP@?9?$AA@   000000018000d944     libvcruntime:undname.obj
 0002:00000948       ??_C@_01MIFGBAGJ@?$CL?$AA@ 000000018000d948     libvcruntime:undname.obj
 0002:0000094c       ??_C@_01HNPIGOCE@?$CG?$AA@ 000000018000d94c     libvcruntime:undname.obj
 0002:00000950       ??_C@_03MNHNFDLC@?9?$DO?$CK?$AA@ 000000018000d950     libvcruntime:undname.obj
 0002:00000954       ??_C@_01KMDKNFGN@?1?$AA@   000000018000d954     libvcruntime:undname.obj
 0002:00000958       ??_C@_01FGNFDNOH@?$CF?$AA@ 000000018000d958     libvcruntime:undname.obj
 0002:0000095c       ??_C@_01MNNFJEPP@?$DM?$AA@ 000000018000d95c     libvcruntime:undname.obj
 0002:00000960       ??_C@_02EHCHHCKH@?$DM?$DN?$AA@ 000000018000d960     libvcruntime:undname.obj
 0002:00000964       ??_C@_01PPODPGHN@?$DO?$AA@ 000000018000d964     libvcruntime:undname.obj
 0002:00000968       ??_C@_02EEKDKGMJ@?$DO?$DN?$AA@ 000000018000d968     libvcruntime:undname.obj
 0002:0000096c       ??_C@_01IHBHIGKO@?0?$AA@   000000018000d96c     libvcruntime:undname.obj
 0002:00000970       ??_C@_02HCKGKOFO@?$CI?$CJ?$AA@ 000000018000d970     libvcruntime:undname.obj
 0002:00000974       ??_C@_01PJKLJHI@?$HO?$AA@  000000018000d974     libvcruntime:undname.obj
 0002:00000978       ??_C@_01JKBOJNNK@?$FO?$AA@ 000000018000d978     libvcruntime:undname.obj
 0002:0000097c       ??_C@_01DNKMNLPK@?$HM?$AA@ 000000018000d97c     libvcruntime:undname.obj
 0002:00000980       ??_C@_02PPKAJPJL@?$CG?$CG?$AA@ 000000018000d980     libvcruntime:undname.obj
 0002:00000984       ??_C@_02NONPIBCD@?$HM?$HM?$AA@ 000000018000d984     libvcruntime:undname.obj
 0002:00000988       ??_C@_02FPIMKNGF@?$CK?$DN?$AA@ 000000018000d988     libvcruntime:undname.obj
 0002:0000098c       ??_C@_02FOEOMHFC@?$CL?$DN?$AA@ 000000018000d98c     libvcruntime:undname.obj
 0002:00000990       ??_C@_02FKMDLLOA@?9?$DN?$AA@ 000000018000d990     libvcruntime:undname.obj
 0002:00000994       ??_C@_02FJEHGPIO@?1?$DN?$AA@ 000000018000d994     libvcruntime:undname.obj
 0002:00000998       ??_C@_02FENAOKFI@?$CF?$DN?$AA@ 000000018000d998     libvcruntime:undname.obj
 0002:0000099c       ??_C@_03IKFCCPFF@?$DO?$DO?$DN?$AA@ 000000018000d99c     libvcruntime:undname.obj
 0002:000009a0       ??_C@_03CDNPDDLA@?$DM?$DM?$DN?$AA@ 000000018000d9a0     libvcruntime:undname.obj
 0002:000009a4       ??_C@_02FGJGFEAB@?$CG?$DN?$AA@ 000000018000d9a4     libvcruntime:undname.obj
 0002:000009a8       ??_C@_02DHLNPPGH@?$HM?$DN?$AA@ 000000018000d9a8     libvcruntime:undname.obj
 0002:000009ac       ??_C@_02MHEGNOJ@?$FO?$DN?$AA@ 000000018000d9ac     libvcruntime:undname.obj
 0002:000009b0       ??_C@_09IFPLHPGF@?$GAvftable?8?$AA@ 000000018000d9b0     libvcruntime:undname.obj
 0002:000009c0       ??_C@_09BLBHBJP@?$GAvbtable?8?$AA@ 000000018000d9c0     libvcruntime:undname.obj
 0002:000009d0       ??_C@_07FEEIOKP@?$GAvcall?8?$AA@ 000000018000d9d0     libvcruntime:undname.obj
 0002:000009d8       ??_C@_08LLFFHHDJ@?$GAtypeof?8?$AA@ 000000018000d9d8     libvcruntime:undname.obj
 0002:000009e8       ??_C@_0BF@KDPPACIK@?$GAlocal?5static?5guard?8?$AA@ 000000018000d9e8     libvcruntime:undname.obj
 0002:00000a00       ??_C@_08OBABFOLI@?$GAstring?8?$AA@ 000000018000da00     libvcruntime:undname.obj
 0002:00000a10       ??_C@_0BD@JDLKDPAB@?$GAvbase?5destructor?8?$AA@ 000000018000da10     libvcruntime:undname.obj
 0002:00000a28       ??_C@_0BN@DEGPLNFK@?$GAvector?5deleting?5destructor?8?$AA@ 000000018000da28     libvcruntime:undname.obj
 0002:00000a48       ??_C@_0BO@OBMKPJIG@?$GAdefault?5constructor?5closure?8?$AA@ 000000018000da48     libvcruntime:undname.obj
 0002:00000a68       ??_C@_0BN@IMDCHIKM@?$GAscalar?5deleting?5destructor?8?$AA@ 000000018000da68     libvcruntime:undname.obj
 0002:00000a88       ??_C@_0BO@PFGOCPJJ@?$GAvector?5constructor?5iterator?8?$AA@ 000000018000da88     libvcruntime:undname.obj
 0002:00000aa8       ??_C@_0BN@LFPFMEDL@?$GAvector?5destructor?5iterator?8?$AA@ 000000018000daa8     libvcruntime:undname.obj
 0002:00000ac8       ??_C@_0CE@IKBNEHA@?$GAvector?5vbase?5constructor?5iterat@ 000000018000dac8     libvcruntime:undname.obj
 0002:00000af0       ??_C@_0BL@NILFHHPC@?$GAvirtual?5displacement?5map?8?$AA@ 000000018000daf0     libvcruntime:undname.obj
 0002:00000b10       ??_C@_0CB@JONCMFFK@?$GAeh?5vector?5constructor?5iterator?8@ 000000018000db10     libvcruntime:undname.obj
 0002:00000b38       ??_C@_0CA@GCEOPDGL@?$GAeh?5vector?5destructor?5iterator?8?$AA@ 000000018000db38     libvcruntime:undname.obj
 0002:00000b58       ??_C@_0CH@OOJPLCPH@?$GAeh?5vector?5vbase?5constructor?5ite@ 000000018000db58     libvcruntime:undname.obj
 0002:00000b80       ??_C@_0BL@LLKPOHJI@?$GAcopy?5constructor?5closure?8?$AA@ 000000018000db80     libvcruntime:undname.obj
 0002:00000ba0       ??_C@_0BA@KBCDOMBN@?$GAudt?5returning?8?$AA@ 000000018000dba0     libvcruntime:undname.obj
 0002:00000bb0       ??_C@_03KLGMFNMG@?$GAEH?$AA@ 000000018000dbb0     libvcruntime:undname.obj
 0002:00000bb4       ??_C@_05KHLCHHI@?$GARTTI?$AA@ 000000018000dbb4     libvcruntime:undname.obj
 0002:00000bc0       ??_C@_0BA@KKLDJDLB@?$GAlocal?5vftable?8?$AA@ 000000018000dbc0     libvcruntime:undname.obj
 0002:00000bd0       ??_C@_0CE@IIHCMGGL@?$GAlocal?5vftable?5constructor?5closu@ 000000018000dbd0     libvcruntime:undname.obj
 0002:00000bf4       ??_C@_06FHBGPFGH@?5new?$FL?$FN?$AA@ 000000018000dbf4     libvcruntime:undname.obj
 0002:00000c00       ??_C@_09LBNFPBCA@?5delete?$FL?$FN?$AA@ 000000018000dc00     libvcruntime:undname.obj
 0002:00000c10       ??_C@_0P@HJKNJFNN@?$GAomni?5callsig?8?$AA@ 000000018000dc10     libvcruntime:undname.obj
 0002:00000c20       ??_C@_0BL@CNOONJFP@?$GAplacement?5delete?5closure?8?$AA@ 000000018000dc20     libvcruntime:undname.obj
 0002:00000c40       ??_C@_0BN@CKNJLHMB@?$GAplacement?5delete?$FL?$FN?5closure?8?$AA@ 000000018000dc40     libvcruntime:undname.obj
 0002:00000c60       ??_C@_0CG@CFDHKGGD@?$GAmanaged?5vector?5constructor?5iter@ 000000018000dc60     libvcruntime:undname.obj
 0002:00000c88       ??_C@_0CF@IMGKMJNO@?$GAmanaged?5vector?5destructor?5itera@ 000000018000dc88     libvcruntime:undname.obj
 0002:00000cb0       ??_C@_0CG@HLDDJMAG@?$GAeh?5vector?5copy?5constructor?5iter@ 000000018000dcb0     libvcruntime:undname.obj
 0002:00000cd8       ??_C@_0CM@FCBBDIGB@?$GAeh?5vector?5vbase?5copy?5constructo@ 000000018000dcd8     libvcruntime:undname.obj
 0002:00000d08       ??_C@_0BL@CLIPGLGB@?$GAdynamic?5initializer?5for?5?8?$AA@ 000000018000dd08     libvcruntime:undname.obj
 0002:00000d28       ??_C@_0CB@PDBIFEP@?$GAdynamic?5atexit?5destructor?5for?5?8@ 000000018000dd28     libvcruntime:undname.obj
 0002:00000d50       ??_C@_0CD@CGAJBKEJ@?$GAvector?5copy?5constructor?5iterato@ 000000018000dd50     libvcruntime:undname.obj
 0002:00000d78       ??_C@_0CJ@GJELGAMM@?$GAvector?5vbase?5copy?5constructor?5i@ 000000018000dd78     libvcruntime:undname.obj
 0002:00000da8       ??_C@_0CL@FGIJHLCE@?$GAmanaged?5vector?5copy?5constructor@ 000000018000dda8     libvcruntime:undname.obj
 0002:00000dd8       ??_C@_0BM@PMGGMLDN@?$GAlocal?5static?5thread?5guard?8?$AA@ 000000018000ddd8     libvcruntime:undname.obj
 0002:00000df8       ??_C@_0N@BDNMDMOL@operator?5?$CC?$CC?5?$AA@ 000000018000ddf8     libvcruntime:undname.obj
 0002:00000e08       ??_C@_0BC@DAFEJGAK@?5Type?5Descriptor?8?$AA@ 000000018000de08     libvcruntime:undname.obj
 0002:00000e20       ??_C@_0BM@LDKODKLH@?5Base?5Class?5Descriptor?5at?5?$CI?$AA@ 000000018000de20     libvcruntime:undname.obj
 0002:00000e40       ??_C@_0BD@LGICGFMM@?5Base?5Class?5Array?8?$AA@ 000000018000de40     libvcruntime:undname.obj
 0002:00000e58       ??_C@_0BN@MECKDCOJ@?5Class?5Hierarchy?5Descriptor?8?$AA@ 000000018000de58     libvcruntime:undname.obj
 0002:00000e78       ??_C@_0BK@CFCOFLF@?5Complete?5Object?5Locator?8?$AA@ 000000018000de78     libvcruntime:undname.obj
 0002:00000ea0       __acrt_exception_action_table 000000018000dea0     libucrt:exception_filter.obj
 0002:00000f60       __acrt_signal_action_table_count 000000018000df60     libucrt:exception_filter.obj
 0002:00000f68       __acrt_signal_action_first_fpe_index 000000018000df68     libucrt:exception_filter.obj
 0002:00000f70       __acrt_signal_action_fpe_count 000000018000df70     libucrt:exception_filter.obj
 0002:00000f78       ??_C@_1BI@BGOHAHKC@?$AAm?$AAs?$AAc?$AAo?$AAr?$AAe?$AAe?$AA?4?$AAd?$AAl?$AAl?$AA?$AA@ 000000018000df78     libucrt:exit.obj
 0002:00000f90       ??_C@_0P@MIGLKIOC@CorExitProcess?$AA@ 000000018000df90     libucrt:exit.obj
 0002:00001200       __lc_time_c                000000018000e200     libucrt:nlsdata.obj
 0002:000014c0       ??_C@_03KOEHGMDN@Sun?$AA@  000000018000e4c0     libucrt:nlsdata.obj
 0002:000014c4       ??_C@_03PDAGKDH@Mon?$AA@   000000018000e4c4     libucrt:nlsdata.obj
 0002:000014c8       ??_C@_03NAGEINEP@Tue?$AA@  000000018000e4c8     libucrt:nlsdata.obj
 0002:000014cc       ??_C@_03MHOMLAJA@Wed?$AA@  000000018000e4cc     libucrt:nlsdata.obj
 0002:000014d0       ??_C@_03IOFIKPDN@Thu?$AA@  000000018000e4d0     libucrt:nlsdata.obj
 0002:000014d4       ??_C@_03IDIOELNC@Fri?$AA@  000000018000e4d4     libucrt:nlsdata.obj
 0002:000014d8       ??_C@_03FEFJNEK@Sat?$AA@   000000018000e4d8     libucrt:nlsdata.obj
 0002:000014dc       ??_C@_06OOPIFAJ@Sunday?$AA@ 000000018000e4dc     libucrt:nlsdata.obj
 0002:000014e4       ??_C@_06JLEDEDGH@Monday?$AA@ 000000018000e4e4     libucrt:nlsdata.obj
 0002:000014f0       ??_C@_07BAAGCFCM@Tuesday?$AA@ 000000018000e4f0     libucrt:nlsdata.obj
 0002:000014f8       ??_C@_09DLIGFAKA@Wednesday?$AA@ 000000018000e4f8     libucrt:nlsdata.obj
 0002:00001508       ??_C@_08HACCIKIA@Thursday?$AA@ 000000018000e508     libucrt:nlsdata.obj
 0002:00001514       ??_C@_06JECMNKMI@Friday?$AA@ 000000018000e514     libucrt:nlsdata.obj
 0002:00001520       ??_C@_08INBOOONO@Saturday?$AA@ 000000018000e520     libucrt:nlsdata.obj
 0002:0000152c       ??_C@_03JIHJHPIE@Jan?$AA@  000000018000e52c     libucrt:nlsdata.obj
 0002:00001530       ??_C@_03HJBDCHOM@Feb?$AA@  000000018000e530     libucrt:nlsdata.obj
 0002:00001534       ??_C@_03ODNJBKGA@Mar?$AA@  000000018000e534     libucrt:nlsdata.obj
 0002:00001538       ??_C@_03LEOLGMJP@Apr?$AA@  000000018000e538     libucrt:nlsdata.obj
 0002:0000153c       ??_C@_03CNMDKL@May?$AA@    000000018000e53c     libucrt:nlsdata.obj
 0002:00001540       ??_C@_03IDFGHECI@Jun?$AA@  000000018000e540     libucrt:nlsdata.obj
 0002:00001544       ??_C@_03LBGABGKK@Jul?$AA@  000000018000e544     libucrt:nlsdata.obj
 0002:00001548       ??_C@_03IFJFEIGA@Aug?$AA@  000000018000e548     libucrt:nlsdata.obj
 0002:0000154c       ??_C@_03GGCAPAJC@Sep?$AA@  000000018000e54c     libucrt:nlsdata.obj
 0002:00001550       ??_C@_03BMAOKBAD@Oct?$AA@  000000018000e550     libucrt:nlsdata.obj
 0002:00001554       ??_C@_03JPJOFNIA@Nov?$AA@  000000018000e554     libucrt:nlsdata.obj
 0002:00001558       ??_C@_03MKABNOCG@Dec?$AA@  000000018000e558     libucrt:nlsdata.obj
 0002:00001560       ??_C@_07CGJPFGJA@January?$AA@ 000000018000e560     libucrt:nlsdata.obj
 0002:00001568       ??_C@_08GNJGEPFN@February?$AA@ 000000018000e568     libucrt:nlsdata.obj
 0002:00001574       ??_C@_05HPCKOFNC@March?$AA@ 000000018000e574     libucrt:nlsdata.obj
 0002:0000157c       ??_C@_05DMJDNLEJ@April?$AA@ 000000018000e57c     libucrt:nlsdata.obj
 0002:00001584       ??_C@_04CNLMGBGM@June?$AA@ 000000018000e584     libucrt:nlsdata.obj
 0002:0000158c       ??_C@_04MIEPOIFP@July?$AA@ 000000018000e58c     libucrt:nlsdata.obj
 0002:00001594       ??_C@_06LBBHFDDG@August?$AA@ 000000018000e594     libucrt:nlsdata.obj
 0002:000015a0       ??_C@_09BHHEALKD@September?$AA@ 000000018000e5a0     libucrt:nlsdata.obj
 0002:000015b0       ??_C@_07JJNFCEND@October?$AA@ 000000018000e5b0     libucrt:nlsdata.obj
 0002:000015b8       ??_C@_08HCHEGEOA@November?$AA@ 000000018000e5b8     libucrt:nlsdata.obj
 0002:000015c8       ??_C@_08EDHMEBNP@December?$AA@ 000000018000e5c8     libucrt:nlsdata.obj
 0002:000015d4       ??_C@_02DEDBPAFC@AM?$AA@   000000018000e5d4     libucrt:nlsdata.obj
 0002:000015d8       ??_C@_02CJNFDJBF@PM?$AA@   000000018000e5d8     libucrt:nlsdata.obj
 0002:000015e0       ??_C@_08BPBNCDIB@MM?1dd?1yy?$AA@ 000000018000e5e0     libucrt:nlsdata.obj
 0002:000015f0       ??_C@_0BE@CKGJFCPC@dddd?0?5MMMM?5dd?0?5yyyy?$AA@ 000000018000e5f0     libucrt:nlsdata.obj
 0002:00001608       ??_C@_08JCCMCCIL@HH?3mm?3ss?$AA@ 000000018000e608     libucrt:nlsdata.obj
 0002:00001618       ??_C@_17MBGCMIPB@?$AAS?$AAu?$AAn?$AA?$AA@ 000000018000e618     libucrt:nlsdata.obj
 0002:00001620       ??_C@_17KBOMKBF@?$AAM?$AAo?$AAn?$AA?$AA@ 000000018000e620     libucrt:nlsdata.obj
 0002:00001628       ??_C@_17BMKGEGOJ@?$AAT?$AAu?$AAe?$AA?$AA@ 000000018000e628     libucrt:nlsdata.obj
 0002:00001630       ??_C@_17CJEDCEPE@?$AAW?$AAe?$AAd?$AA?$AA@ 000000018000e630     libucrt:nlsdata.obj
 0002:00001638       ??_C@_17PDPHAADD@?$AAT?$AAh?$AAu?$AA?$AA@ 000000018000e638     libucrt:nlsdata.obj
 0002:00001640       ??_C@_17HFOLPPLP@?$AAF?$AAr?$AAi?$AA?$AA@ 000000018000e640     libucrt:nlsdata.obj
 0002:00001648       ??_C@_17GGIBDPIH@?$AAS?$AAa?$AAt?$AA?$AA@ 000000018000e648     libucrt:nlsdata.obj
 0002:00001650       ??_C@_1O@IHNHDHPB@?$AAS?$AAu?$AAn?$AAd?$AAa?$AAy?$AA?$AA@ 000000018000e650     libucrt:nlsdata.obj
 0002:00001660       ??_C@_1O@MMNBFLIA@?$AAM?$AAo?$AAn?$AAd?$AAa?$AAy?$AA?$AA@ 000000018000e660     libucrt:nlsdata.obj
 0002:00001670       ??_C@_1BA@ENFBFFEK@?$AAT?$AAu?$AAe?$AAs?$AAd?$AAa?$AAy?$AA?$AA@ 000000018000e670     libucrt:nlsdata.obj
 0002:00001680       ??_C@_1BE@EBOGMDOH@?$AAW?$AAe?$AAd?$AAn?$AAe?$AAs?$AAd?$AAa?$AAy?$AA?$AA@ 000000018000e680     libucrt:nlsdata.obj
 0002:00001698       ??_C@_1BC@HHMNLIHE@?$AAT?$AAh?$AAu?$AAr?$AAs?$AAd?$AAa?$AAy?$AA?$AA@ 000000018000e698     libucrt:nlsdata.obj
 0002:000016b0       ??_C@_1O@PDICJHAG@?$AAF?$AAr?$AAi?$AAd?$AAa?$AAy?$AA?$AA@ 000000018000e6b0     libucrt:nlsdata.obj
 0002:000016c0       ??_C@_1BC@ENMNNPAJ@?$AAS?$AAa?$AAt?$AAu?$AAr?$AAd?$AAa?$AAy?$AA?$AA@ 000000018000e6c0     libucrt:nlsdata.obj
 0002:000016d8       ??_C@_17DKNBKCHM@?$AAJ?$AAa?$AAn?$AA?$AA@ 000000018000e6d8     libucrt:nlsdata.obj
 0002:000016e0       ??_C@_17LMDJEKJN@?$AAF?$AAe?$AAb?$AA?$AA@ 000000018000e6e0     libucrt:nlsdata.obj
 0002:000016e8       ??_C@_17CKNLEDEC@?$AAM?$AAa?$AAr?$AA?$AA@ 000000018000e6e8     libucrt:nlsdata.obj
 0002:000016f0       ??_C@_17LFPOIHDD@?$AAA?$AAp?$AAr?$AA?$AA@ 000000018000e6f0     libucrt:nlsdata.obj
 0002:000016f8       ??_C@_17PNNKMEED@?$AAM?$AAa?$AAy?$AA?$AA@ 000000018000e6f8     libucrt:nlsdata.obj
 0002:00001700       ??_C@_17KCJGOCPB@?$AAJ?$AAu?$AAn?$AA?$AA@ 000000018000e700     libucrt:nlsdata.obj
 0002:00001708       ??_C@_17IJPCKHK@?$AAJ?$AAu?$AAl?$AA?$AA@ 000000018000e708     libucrt:nlsdata.obj
 0002:00001710       ??_C@_17ICPELBCN@?$AAA?$AAu?$AAg?$AA?$AA@ 000000018000e710     libucrt:nlsdata.obj
 0002:00001718       ??_C@_17HCHCOKMG@?$AAS?$AAe?$AAp?$AA?$AA@ 000000018000e718     libucrt:nlsdata.obj
 0002:00001720       ??_C@_17FNLKOI@?$AAO?$AAc?$AAt?$AA?$AA@ 000000018000e720     libucrt:nlsdata.obj
 0002:00001728       ??_C@_17BBDMLCIG@?$AAN?$AAo?$AAv?$AA?$AA@ 000000018000e728     libucrt:nlsdata.obj
 0002:00001730       ??_C@_17EGKACKIF@?$AAD?$AAe?$AAc?$AA?$AA@ 000000018000e730     libucrt:nlsdata.obj
 0002:00001738       ??_C@_1BA@EFMEIEBA@?$AAJ?$AAa?$AAn?$AAu?$AAa?$AAr?$AAy?$AA?$AA@ 000000018000e738     libucrt:nlsdata.obj
 0002:00001748       ??_C@_1BC@JGDDFFAM@?$AAF?$AAe?$AAb?$AAr?$AAu?$AAa?$AAr?$AAy?$AA?$AA@ 000000018000e748     libucrt:nlsdata.obj
 0002:00001760       ??_C@_1M@IKEENEDF@?$AAM?$AAa?$AAr?$AAc?$AAh?$AA?$AA@ 000000018000e760     libucrt:nlsdata.obj
 0002:00001770       ??_C@_1M@GJNLMHFD@?$AAA?$AAp?$AAr?$AAi?$AAl?$AA?$AA@ 000000018000e770     libucrt:nlsdata.obj
 0002:00001780       ??_C@_19EPFLPGAP@?$AAJ?$AAu?$AAn?$AAe?$AA?$AA@ 000000018000e780     libucrt:nlsdata.obj
 0002:00001790       ??_C@_19BIFMLPCD@?$AAJ?$AAu?$AAl?$AAy?$AA?$AA@ 000000018000e790     libucrt:nlsdata.obj
 0002:000017a0       ??_C@_1O@PAHLKOAC@?$AAA?$AAu?$AAg?$AAu?$AAs?$AAt?$AA?$AA@ 000000018000e7a0     libucrt:nlsdata.obj
 0002:000017b0       ??_C@_1BE@DKAAMBJL@?$AAS?$AAe?$AAp?$AAt?$AAe?$AAm?$AAb?$AAe?$AAr?$AA?$AA@ 000000018000e7b0     libucrt:nlsdata.obj
 0002:000017c8       ??_C@_1BA@EPANDLNG@?$AAO?$AAc?$AAt?$AAo?$AAb?$AAe?$AAr?$AA?$AA@ 000000018000e7c8     libucrt:nlsdata.obj
 0002:000017d8       ??_C@_1BC@BGLIFPF@?$AAN?$AAo?$AAv?$AAe?$AAm?$AAb?$AAe?$AAr?$AA?$AA@ 000000018000e7d8     libucrt:nlsdata.obj
 0002:000017f0       ??_C@_1BC@FEMKIFH@?$AAD?$AAe?$AAc?$AAe?$AAm?$AAb?$AAe?$AAr?$AA?$AA@ 000000018000e7f0     libucrt:nlsdata.obj
 0002:00001804       ??_C@_15ODEHAHHF@?$AAA?$AAM?$AA?$AA@ 000000018000e804     libucrt:nlsdata.obj
 0002:0000180c       ??_C@_15CLMNNGEL@?$AAP?$AAM?$AA?$AA@ 000000018000e80c     libucrt:nlsdata.obj
 0002:00001818       ??_C@_1BC@IEBCMHCM@?$AAM?$AAM?$AA?1?$AAd?$AAd?$AA?1?$AAy?$AAy?$AA?$AA@ 000000018000e818     libucrt:nlsdata.obj
 0002:00001830       ??_C@_1CI@KNAKOEBC@?$AAd?$AAd?$AAd?$AAd?$AA?0?$AA?5?$AAM?$AAM?$AAM?$AAM?$AA?5?$AAd?$AAd?$AA?0?$AA?5?$AAy?$AAy?$AAy?$AAy?$AA?$AA@ 000000018000e830     libucrt:nlsdata.obj
 0002:00001858       ??_C@_1BC@GDGBMEMK@?$AAH?$AAH?$AA?3?$AAm?$AAm?$AA?3?$AAs?$AAs?$AA?$AA@ 000000018000e858     libucrt:nlsdata.obj
 0002:00001870       ??_C@_1M@BMHNFIME@?$AAe?$AAn?$AA?9?$AAU?$AAS?$AA?$AA@ 000000018000e870     libucrt:nlsdata.obj
 0002:00001920       ??_C@_1EG@CNNIPFIM@?$AAa?$AAp?$AAi?$AA?9?$AAm?$AAs?$AA?9?$AAw?$AAi?$AAn?$AA?9?$AAa?$AAp?$AAp?$AAm?$AAo?$AAd?$AAe?$AAl?$AA?9?$AAr?$AAu?$AAn?$AAt?$AAi?$AAm?$AAe?$AA?9?$AAl?$AA1?$AA?9?$AA1@ 000000018000e920     libucrt:winapi_thunks.obj
 0002:00001970       ??_C@_1EA@JGEFHKEI@?$AAa?$AAp?$AAi?$AA?9?$AAm?$AAs?$AA?9?$AAw?$AAi?$AAn?$AA?9?$AAc?$AAo?$AAr?$AAe?$AA?9?$AAd?$AAa?$AAt?$AAe?$AAt?$AAi?$AAm?$AAe?$AA?9?$AAl?$AA1?$AA?9?$AA1?$AA?9?$AA1?$AA?$AA@ 000000018000e970     libucrt:winapi_thunks.obj
 0002:000019b0       ??_C@_1DI@GCIAAENM@?$AAa?$AAp?$AAi?$AA?9?$AAm?$AAs?$AA?9?$AAw?$AAi?$AAn?$AA?9?$AAc?$AAo?$AAr?$AAe?$AA?9?$AAf?$AAi?$AAl?$AAe?$AA?9?$AAl?$AA2?$AA?9?$AA1?$AA?9?$AA1?$AA?$AA@ 000000018000e9b0     libucrt:winapi_thunks.obj
 0002:000019f0       ??_C@_1EI@MPIAOHOC@?$AAa?$AAp?$AAi?$AA?9?$AAm?$AAs?$AA?9?$AAw?$AAi?$AAn?$AA?9?$AAc?$AAo?$AAr?$AAe?$AA?9?$AAl?$AAo?$AAc?$AAa?$AAl?$AAi?$AAz?$AAa?$AAt?$AAi?$AAo?$AAn?$AA?9?$AAl?$AA1?$AA?9@ 000000018000e9f0     libucrt:winapi_thunks.obj
 0002:00001a40       ??_C@_1FK@FPHCKFIE@?$AAa?$AAp?$AAi?$AA?9?$AAm?$AAs?$AA?9?$AAw?$AAi?$AAn?$AA?9?$AAc?$AAo?$AAr?$AAe?$AA?9?$AAl?$AAo?$AAc?$AAa?$AAl?$AAi?$AAz?$AAa?$AAt?$AAi?$AAo?$AAn?$AA?9?$AAo?$AAb?$AAs@ 000000018000ea40     libucrt:winapi_thunks.obj
 0002:00001aa0       ??_C@_1EM@DILCGIIO@?$AAa?$AAp?$AAi?$AA?9?$AAm?$AAs?$AA?9?$AAw?$AAi?$AAn?$AA?9?$AAc?$AAo?$AAr?$AAe?$AA?9?$AAp?$AAr?$AAo?$AAc?$AAe?$AAs?$AAs?$AAt?$AAh?$AAr?$AAe?$AAa?$AAd?$AAs?$AA?9?$AAl@ 000000018000eaa0     libucrt:winapi_thunks.obj
 0002:00001af0       ??_C@_1DM@LNCGDDPN@?$AAa?$AAp?$AAi?$AA?9?$AAm?$AAs?$AA?9?$AAw?$AAi?$AAn?$AA?9?$AAc?$AAo?$AAr?$AAe?$AA?9?$AAs?$AAt?$AAr?$AAi?$AAn?$AAg?$AA?9?$AAl?$AA1?$AA?9?$AA1?$AA?9?$AA0?$AA?$AA@ 000000018000eaf0     libucrt:winapi_thunks.obj
 0002:00001b30       ??_C@_1DO@FPAPJEMD@?$AAa?$AAp?$AAi?$AA?9?$AAm?$AAs?$AA?9?$AAw?$AAi?$AAn?$AA?9?$AAc?$AAo?$AAr?$AAe?$AA?9?$AAs?$AAy?$AAs?$AAi?$AAn?$AAf?$AAo?$AA?9?$AAl?$AA1?$AA?9?$AA2?$AA?9?$AA1?$AA?$AA@ 000000018000eb30     libucrt:winapi_thunks.obj
 0002:00001b70       ??_C@_1DK@NDHNAHIO@?$AAa?$AAp?$AAi?$AA?9?$AAm?$AAs?$AA?9?$AAw?$AAi?$AAn?$AA?9?$AAc?$AAo?$AAr?$AAe?$AA?9?$AAw?$AAi?$AAn?$AAr?$AAt?$AA?9?$AAl?$AA1?$AA?9?$AA1?$AA?9?$AA0?$AA?$AA@ 000000018000eb70     libucrt:winapi_thunks.obj
 0002:00001bb0       ??_C@_1DM@KGHDGBCM@?$AAa?$AAp?$AAi?$AA?9?$AAm?$AAs?$AA?9?$AAw?$AAi?$AAn?$AA?9?$AAc?$AAo?$AAr?$AAe?$AA?9?$AAx?$AAs?$AAt?$AAa?$AAt?$AAe?$AA?9?$AAl?$AA2?$AA?9?$AA1?$AA?9?$AA0?$AA?$AA@ 000000018000ebb0     libucrt:winapi_thunks.obj
 0002:00001bf0       ??_C@_1EO@IJIOEFOH@?$AAa?$AAp?$AAi?$AA?9?$AAm?$AAs?$AA?9?$AAw?$AAi?$AAn?$AA?9?$AAr?$AAt?$AAc?$AAo?$AAr?$AAe?$AA?9?$AAn?$AAt?$AAu?$AAs?$AAe?$AAr?$AA?9?$AAw?$AAi?$AAn?$AAd?$AAo?$AAw?$AA?9@ 000000018000ebf0     libucrt:winapi_thunks.obj
 0002:00001c40       ??_C@_1FG@HHGEKANL@?$AAa?$AAp?$AAi?$AA?9?$AAm?$AAs?$AA?9?$AAw?$AAi?$AAn?$AA?9?$AAs?$AAe?$AAc?$AAu?$AAr?$AAi?$AAt?$AAy?$AA?9?$AAs?$AAy?$AAs?$AAt?$AAe?$AAm?$AAf?$AAu?$AAn?$AAc?$AAt?$AAi@ 000000018000ec40     libucrt:winapi_thunks.obj
 0002:00001ca0       ??_C@_1FG@NCKKOLKO@?$AAe?$AAx?$AAt?$AA?9?$AAm?$AAs?$AA?9?$AAw?$AAi?$AAn?$AA?9?$AAk?$AAe?$AAr?$AAn?$AAe?$AAl?$AA3?$AA2?$AA?9?$AAp?$AAa?$AAc?$AAk?$AAa?$AAg?$AAe?$AA?9?$AAc?$AAu?$AAr?$AAr@ 000000018000eca0     libucrt:winapi_thunks.obj
 0002:00001d00       ??_C@_1EG@DBIOJECG@?$AAe?$AAx?$AAt?$AA?9?$AAm?$AAs?$AA?9?$AAw?$AAi?$AAn?$AA?9?$AAn?$AAt?$AAu?$AAs?$AAe?$AAr?$AA?9?$AAd?$AAi?$AAa?$AAl?$AAo?$AAg?$AAb?$AAo?$AAx?$AA?9?$AAl?$AA1?$AA?9?$AA1@ 000000018000ed00     libucrt:winapi_thunks.obj
 0002:00001d50       ??_C@_1EO@FIHMJCLF@?$AAe?$AAx?$AAt?$AA?9?$AAm?$AAs?$AA?9?$AAw?$AAi?$AAn?$AA?9?$AAn?$AAt?$AAu?$AAs?$AAe?$AAr?$AA?9?$AAw?$AAi?$AAn?$AAd?$AAo?$AAw?$AAs?$AAt?$AAa?$AAt?$AAi?$AAo?$AAn?$AA?9@ 000000018000ed50     libucrt:winapi_thunks.obj
 0002:00001da0       ??_C@_1O@BCCLBEOE@?$AAu?$AAs?$AAe?$AAr?$AA3?$AA2?$AA?$AA@ 000000018000eda0     libucrt:winapi_thunks.obj
 0002:00001dd8       ??_C@_0BE@JOGNEJCI@GetCurrentPackageId?$AA@ 000000018000edd8     libucrt:winapi_thunks.obj
 0002:00001e00       ??_C@_0O@KKBNKAPF@LCMapStringEx?$AA@ 000000018000ee00     libucrt:winapi_thunks.obj
 0002:00001e18       ??_C@_0BB@HBDEELFH@LocaleNameToLCID?$AA@ 000000018000ee18     libucrt:winapi_thunks.obj
 0002:00001e50       ??_C@_1M@HPNHIDJI@?$AAj?$AAa?$AA?9?$AAJ?$AAP?$AA?$AA@ 000000018000ee50     libucrt:mbctype.obj
 0002:00001e60       ??_C@_1M@BIBDDEMK@?$AAz?$AAh?$AA?9?$AAC?$AAN?$AA?$AA@ 000000018000ee60     libucrt:mbctype.obj
 0002:00001e70       ??_C@_1M@JLOOOEGK@?$AAk?$AAo?$AA?9?$AAK?$AAR?$AA?$AA@ 000000018000ee70     libucrt:mbctype.obj
 0002:00001e80       ??_C@_1M@CLNBBOPM@?$AAz?$AAh?$AA?9?$AAT?$AAW?$AA?$AA@ 000000018000ee80     libucrt:mbctype.obj
 0002:00001e90       __newctype                 000000018000ee90     libucrt:ctype.obj
 0002:00002190       __newclmap                 000000018000f190     libucrt:ctype.obj
 0002:00002310       __newcumap                 000000018000f310     libucrt:ctype.obj
 0002:00002490       ??_C@_15PJPFLCCM@?$AAu?$AAk?$AA?$AA@ 000000018000f490     libucrt:get_qualified_locale.obj
 0002:000032e0       ??_C@_15EMKDOKLE@?$AAa?$AAr?$AA?$AA@ 00000001800102e0     libucrt:lcidtoname_downlevel.obj
 0002:000032e8       ??_C@_15KNPADPLH@?$AAb?$AAg?$AA?$AA@ 00000001800102e8     libucrt:lcidtoname_downlevel.obj
 0002:000032f0       ??_C@_15EDMHLDMO@?$AAc?$AAa?$AA?$AA@ 00000001800102f0     libucrt:lcidtoname_downlevel.obj
 0002:000032f8       ??_C@_1O@BPEAJADD@?$AAz?$AAh?$AA?9?$AAC?$AAH?$AAS?$AA?$AA@ 00000001800102f8     libucrt:lcidtoname_downlevel.obj
 0002:00003308       ??_C@_15LJNHCMNK@?$AAc?$AAs?$AA?$AA@ 0000000180010308     libucrt:lcidtoname_downlevel.obj
 0002:00003310       ??_C@_15FOMCIDHG@?$AAd?$AAa?$AA?$AA@ 0000000180010310     libucrt:lcidtoname_downlevel.obj
 0002:00003318       ??_C@_15NBKABECB@?$AAd?$AAe?$AA?$AA@ 0000000180010318     libucrt:lcidtoname_downlevel.obj
 0002:00003320       ??_C@_15GHPEIIAO@?$AAe?$AAl?$AA?$AA@ 0000000180010320     libucrt:lcidtoname_downlevel.obj
 0002:00003328       ??_C@_15MNPNEAIF@?$AAe?$AAn?$AA?$AA@ 0000000180010328     libucrt:lcidtoname_downlevel.obj
 0002:00003330       ??_C@_15GPIOMPMH@?$AAe?$AAs?$AA?$AA@ 0000000180010330     libucrt:lcidtoname_downlevel.obj
 0002:00003338       ??_C@_15NGLOAKJC@?$AAf?$AAi?$AA?$AA@ 0000000180010338     libucrt:lcidtoname_downlevel.obj
 0002:00003340       ??_C@_15FBKGNKAM@?$AAf?$AAr?$AA?$AA@ 0000000180010340     libucrt:lcidtoname_downlevel.obj
 0002:00003348       ??_C@_15KGGCNEFK@?$AAh?$AAe?$AA?$AA@ 0000000180010348     libucrt:lcidtoname_downlevel.obj
 0002:00003350       ??_C@_15PGHLIDMF@?$AAh?$AAu?$AA?$AA@ 0000000180010350     libucrt:lcidtoname_downlevel.obj
 0002:00003358       ??_C@_15BIEMAPLM@?$AAi?$AAs?$AA?$AA@ 0000000180010358     libucrt:lcidtoname_downlevel.obj
 0002:00003360       ??_C@_15IFJLDHAF@?$AAi?$AAt?$AA?$AA@ 0000000180010360     libucrt:lcidtoname_downlevel.obj
 0002:00003368       ??_C@_15GEMIOCAG@?$AAj?$AAa?$AA?$AA@ 0000000180010368     libucrt:lcidtoname_downlevel.obj
 0002:00003370       ??_C@_15EPELEGJA@?$AAk?$AAo?$AA?$AA@ 0000000180010370     libucrt:lcidtoname_downlevel.obj
 0002:00003378       ??_C@_15NDDHIMN@?$AAn?$AAl?$AA?$AA@ 0000000180010378     libucrt:lcidtoname_downlevel.obj
 0002:00003380       ??_C@_15BPIGNHCD@?$AAn?$AAo?$AA?$AA@ 0000000180010380     libucrt:lcidtoname_downlevel.obj
 0002:00003388       ??_C@_15DEOPBLCG@?$AAp?$AAl?$AA?$AA@ 0000000180010388     libucrt:lcidtoname_downlevel.obj
 0002:00003390       ??_C@_15KBECGEFG@?$AAp?$AAt?$AA?$AA@ 0000000180010390     libucrt:lcidtoname_downlevel.obj
 0002:00003398       ??_C@_15GLJCBFMD@?$AAr?$AAo?$AA?$AA@ 0000000180010398     libucrt:lcidtoname_downlevel.obj
 0002:000033a0       ??_C@_15FEDGKCDI@?$AAr?$AAu?$AA?$AA@ 00000001800103a0     libucrt:lcidtoname_downlevel.obj
 0002:000033a8       ??_C@_15GLKMLLHM@?$AAh?$AAr?$AA?$AA@ 00000001800103a8     libucrt:lcidtoname_downlevel.obj
 0002:000033b0       ??_C@_15CPKMFBDB@?$AAs?$AAk?$AA?$AA@ 00000001800103b0     libucrt:lcidtoname_downlevel.obj
 0002:000033b8       ??_C@_15BAAIOGMK@?$AAs?$AAq?$AA?$AA@ 00000001800103b8     libucrt:lcidtoname_downlevel.obj
 0002:000033c0       ??_C@_15INNPNOHD@?$AAs?$AAv?$AA?$AA@ 00000001800103c0     libucrt:lcidtoname_downlevel.obj
 0002:000033c8       ??_C@_15CABMMOGH@?$AAt?$AAh?$AA?$AA@ 00000001800103c8     libucrt:lcidtoname_downlevel.obj
 0002:000033d0       ??_C@_15BPLIHJJM@?$AAt?$AAr?$AA?$AA@ 00000001800103d0     libucrt:lcidtoname_downlevel.obj
 0002:000033d8       ??_C@_15NEOEKKDJ@?$AAu?$AAr?$AA?$AA@ 00000001800103d8     libucrt:lcidtoname_downlevel.obj
 0002:000033e0       ??_C@_15NFICGAJK@?$AAi?$AAd?$AA?$AA@ 00000001800103e0     libucrt:lcidtoname_downlevel.obj
 0002:000033e8       ??_C@_15HPJPHDM@?$AAb?$AAe?$AA?$AA@ 00000001800103e8     libucrt:lcidtoname_downlevel.obj
 0002:000033f0       ??_C@_15LCHLGJII@?$AAs?$AAl?$AA?$AA@ 00000001800103f0     libucrt:lcidtoname_downlevel.obj
 0002:000033f8       ??_C@_15PCFJPHHO@?$AAe?$AAt?$AA?$AA@ 00000001800103f8     libucrt:lcidtoname_downlevel.obj
 0002:00003400       ??_C@_15HPFPGODN@?$AAl?$AAv?$AA?$AA@ 0000000180010400     libucrt:lcidtoname_downlevel.obj
 0002:00003408       ??_C@_15NFFGKGLG@?$AAl?$AAt?$AA?$AA@ 0000000180010408     libucrt:lcidtoname_downlevel.obj
 0002:00003410       ??_C@_15BDAKCCHN@?$AAf?$AAa?$AA?$AA@ 0000000180010410     libucrt:lcidtoname_downlevel.obj
 0002:00003418       ??_C@_15NFGIAIAJ@?$AAv?$AAi?$AA?$AA@ 0000000180010418     libucrt:lcidtoname_downlevel.obj
 0002:00003420       ??_C@_15LMKNDMHN@?$AAh?$AAy?$AA?$AA@ 0000000180010420     libucrt:lcidtoname_downlevel.obj
 0002:00003428       ??_C@_15IJBHMCFL@?$AAa?$AAz?$AA?$AA@ 0000000180010428     libucrt:lcidtoname_downlevel.obj
 0002:00003430       ??_C@_15EKOFJABL@?$AAe?$AAu?$AA?$AA@ 0000000180010430     libucrt:lcidtoname_downlevel.obj
 0002:00003438       ??_C@_15BGHADCNK@?$AAm?$AAk?$AA?$AA@ 0000000180010438     libucrt:lcidtoname_downlevel.obj
[...]
 0004:000007ec       $pdata$??R<lambda_ad1ced32f4ac17aa236e5ef05d6b3b7c>@@QEBAXXZ 00000001800197ec     libucrt:mbctype.obj
 0004:000007f8       $pdata$?getSystemCP@@YAHH@Z 00000001800197f8     libucrt:mbctype.obj
 0004:00000804       $pdata$?setSBCS@@YAXPEAU__crt_multibyte_data@@@Z 0000000180019804     libucrt:mbctype.obj
 0004:00000810       $pdata$?setSBUpLow@@YAXPEAU__crt_multibyte_data@@@Z 0000000180019810     libucrt:mbctype.obj
 0004:0000081c       $pdata$?setmbcp_internal@@YAHH_N@Z 000000018001981c     libucrt:mbctype.obj
 0004:00000828       $pdata$__acrt_initialize_multibyte 0000000180019828     libucrt:mbctype.obj
 0004:00000834       $pdata$__acrt_update_thread_multibyte_data 0000000180019834     libucrt:mbctype.obj
 0004:00000840       $pdata$_setmbcp_nolock     0000000180019840     libucrt:mbctype.obj
 0004:0000084c       $pdata$?x_ismbbtype_l@@YAHPEAU__crt_locale_pointers@@IHH@Z 000000018001984c     libucrt:ismbbyte.obj
 0004:00000858       $pdata$__acrt_initialize_command_line 0000000180019858     libucrt:argv_data.obj
 0004:00000864       $pdata$__dcrt_get_narrow_environment_from_os 0000000180019864     libucrt:get_environment_from_os.obj
 0004:00000870       $pdata$_recalloc_base      0000000180019870     libucrt:recalloc.obj
 0004:0000087c       $pdata$__acrt_initialize_heap 000000018001987c     libucrt:heap_handle.obj
 0004:00000888       $pdata$?initialize_inherited_file_handles_nolock@@YAXXZ 0000000180019888     libucrt:ioinit.obj
 0004:00000894       $pdata$?initialize_stdio_handles_nolock@@YAXXZ 0000000180019894     libucrt:ioinit.obj
 0004:000008a0       $pdata$__acrt_initialize_lowio 00000001800198a0     libucrt:ioinit.obj
 0004:000008ac       $pdata$__acrt_uninitialize_lowio 00000001800198ac     libucrt:ioinit.obj
 0004:000008b8       $pdata$__acrt_execute_initializers 00000001800198b8     libucrt:shared_initialization.obj
 0004:000008c4       $pdata$__acrt_execute_uninitializers 00000001800198c4     libucrt:shared_initialization.obj
 0004:000008d0       $pdata$??$?RV<lambda_c36588078e9f5dfd39652860aa6b3aaf>@@AEAV<lambda_ec61778202f4f5fc7e7711acc23c3bca>@@V<lambda_dc9d2797ccde5d239b4a0efae8ebd7db>@@@?$__crt_seh_guarded_call@P6AXH@Z@@QEAAP6AXH@Z$$QEAV<lambda_c36588078e9f5dfd39652860aa6b3aaf>@@AEAV<lambda_ec61778202f4f5fc7e7711acc23c3bca>@@$$QEAV<lambda_dc9d2797ccde5d239b4a0efae8ebd7db>@@@Z 00000001800198d0     libucrt:signal.obj
 0004:000008dc       $pdata$__acrt_get_sigabrt_handler 00000001800198dc     libucrt:signal.obj
 0004:000008e8       $pdata$raise               00000001800198e8     libucrt:signal.obj
 0004:000008f4       $pdata$__acrt_invoke_user_matherr 00000001800198f4     libucrt:matherr.obj
 0004:00000900       $pdata$_mbtowc_l           0000000180019900     libucrt:mbtowc.obj
 0004:0000090c       $pdata$_fileno             000000018001990c     libucrt:fileno.obj
 0004:00000918       $pdata$__acrt_initialize_stdio 0000000180019918     libucrt:_file.obj
 0004:00000924       $pdata$__acrt_uninitialize_stdio 0000000180019924     libucrt:_file.obj
 0004:00000930       $pdata$__pctype_func       0000000180019930     libucrt:ctype.obj
 0004:0000093c       $pdata$_isctype_l          000000018001993c     libucrt:isctype.obj
 0004:00000948       $pdata$_isleadbyte_l       0000000180019948     libucrt:_wctype.obj
 0004:00000954       $pdata$?__acrt_LCMapStringA_stat@@YAHPEAU__crt_locale_pointers@@PEB_WKPEBDHPEADHHH@Z 0000000180019954     libucrt:lcmapstringa.obj
 0004:00000960       $pdata$__acrt_LCMapStringA 0000000180019960     libucrt:lcmapstringa.obj
 0004:0000096c       $pdata$__acrt_free_locale  000000018001996c     libucrt:locale_refcounting.obj
 0004:00000978       $pdata$__acrt_locale_free_lc_time_if_unreferenced 0000000180019978     libucrt:locale_refcounting.obj
 0004:00000984       $pdata$__acrt_release_locale_ref 0000000180019984     libucrt:locale_refcounting.obj
 0004:00000990       $pdata$__acrt_update_thread_locale_data 0000000180019990     libucrt:locale_refcounting.obj
 0004:0000099c       $pdata$_updatetlocinfoEx_nolock 000000018001999c     libucrt:locale_refcounting.obj
 0004:000009a8       $pdata$__acrt_locale_free_monetary 00000001800199a8     libucrt:initmon.obj
 0004:000009b4       $pdata$__acrt_locale_free_numeric 00000001800199b4     libucrt:initnum.obj
 0004:000009c0       $pdata$?free_crt_array_internal@@YAXQEAPEBX_K@Z 00000001800199c0     libucrt:inittime.obj
 0004:000009cc       $pdata$__acrt_locale_free_time 00000001800199cc     libucrt:inittime.obj
 0004:000009d8       $pdata$__acrt_GetStringTypeA 00000001800199d8     libucrt:getstringtypea.obj
 0004:000009e4       $pdata$?GetTableIndexFromLocaleName@@YAHPEB_W@Z 00000001800199e4     libucrt:lcidtoname_downlevel.obj
 0004:000009f0       $pdata$__acrt_DownlevelLocaleNameToLCID 00000001800199f0     libucrt:lcidtoname_downlevel.obj
 0004:000009fc       $pdata$?shortsort@@YAXPEAD0_KP6AHPEBX2@Z@Z 00000001800199fc     libucrt:qsort.obj
 0004:00000a08       $pdata$2$?shortsort@@YAXPEAD0_KP6AHPEBX2@Z@Z 0000000180019a08     libucrt:qsort.obj
 0004:00000a14       $pdata$3$?shortsort@@YAXPEAD0_KP6AHPEBX2@Z@Z 0000000180019a14     libucrt:qsort.obj
 0004:00000a20       $pdata$qsort               0000000180019a20     libucrt:qsort.obj
 0004:00000a2c       $pdata$4$qsort             0000000180019a2c     libucrt:qsort.obj
 0004:00000a38       $pdata$5$qsort             0000000180019a38     libucrt:qsort.obj
 0004:00000a44       $pdata$strncpy_s           0000000180019a44     libucrt:strncpy_s.obj
 0004:00000a50       $pdata$strpbrk             0000000180019a50     libucrt:strpbrk.obj
 0004:00000a5c       $pdata$_mbsdec_l           0000000180019a5c     libucrt:mbsdec.obj
 0004:00000a68       $pdata$?initialize_multibyte@@YAHXZ 0000000180019a68     libucrt:multibyte_initializer.obj
 0004:00000a74       $pdata$_msize              0000000180019a74     libucrt:msize.obj
 0004:00000a80       $pdata$_realloc_base       0000000180019a80     libucrt:realloc_base.obj
 0004:00000a8c       $pdata$__acrt_lowio_create_handle_array 0000000180019a8c     libucrt:osfinfo.obj
 0004:00000a98       $pdata$__acrt_lowio_destroy_handle_array 0000000180019a98     libucrt:osfinfo.obj
 0004:00000aa4       $pdata$__acrt_lowio_ensure_fh_exists 0000000180019aa4     libucrt:osfinfo.obj
 0004:00000ab0       $pdata$_free_osfhnd        0000000180019ab0     libucrt:osfinfo.obj
 0004:00000abc       $pdata$_get_osfhandle      0000000180019abc     libucrt:osfinfo.obj
 0004:00000ac8       $pdata$_isatty             0000000180019ac8     libucrt:isatty.obj
 0004:00000ad4       $pdata$__acrt_stdio_flush_nolock 0000000180019ad4     libucrt:fflush.obj
 0004:00000ae0       $pdata$_fflush_nolock      0000000180019ae0     libucrt:fflush.obj
 0004:00000aec       $pdata$common_flush_all    0000000180019aec     libucrt:fflush.obj
 0004:00000af8       $pdata$_fcloseall          0000000180019af8     libucrt:closeall.obj
 0004:00000b04       $pdata$__acrt_stdio_free_buffer_nolock 0000000180019b04     libucrt:_freebuf.obj
 0004:00000b10       $pdata$??$?RV<lambda_b521505b218e5242e90febf6bfebc422>@@AEAV<lambda_6978c1fb23f02e42e1d9e99668cc68aa>@@V<lambda_314360699dd331753a4119843814e9a7>@@@?$__crt_seh_guarded_call@H@@QEAAH$$QEAV<lambda_b521505b218e5242e90febf6bfebc422>@@AEAV<lambda_6978c1fb23f02e42e1d9e99668cc68aa>@@$$QEAV<lambda_314360699dd331753a4119843814e9a7>@@@Z 0000000180019b10     libucrt:commit.obj
 0004:00000b1c       $pdata$_commit             0000000180019b1c     libucrt:commit.obj
 0004:00000b28       $pdata$?write_double_translated_ansi_nolock@@YA?AUwrite_result@?A0x9c548279@@HQEBDI@Z 0000000180019b28     libucrt:write.obj
 0004:00000b34       $pdata$?write_text_ansi_nolock@@YA?AUwrite_result@?A0x9c548279@@HQEBDI@Z 0000000180019b34     libucrt:write.obj
 0004:00000b40       $pdata$?write_text_utf16le_nolock@@YA?AUwrite_result@?A0x9c548279@@HQEBDI@Z 0000000180019b40     libucrt:write.obj
 0004:00000b4c       $pdata$?write_text_utf8_nolock@@YA?AUwrite_result@?A0x9c548279@@HQEBDI@Z 0000000180019b4c     libucrt:write.obj
 0004:00000b58       $pdata$_write              0000000180019b58     libucrt:write.obj
 0004:00000b64       $pdata$_write_nolock       0000000180019b64     libucrt:write.obj
 0004:00000b7c       $pdata$??$common_lseek_nolock@_J@@YA_JH_JH@Z 0000000180019b7c     libucrt:lseek.obj
 0004:00000b88       $pdata$_fclose_nolock      0000000180019b88     libucrt:fclose.obj
 0004:00000b94       $pdata$fclose              0000000180019b94     libucrt:fclose.obj
 0004:00000ba0       $pdata$_putwch_nolock      0000000180019ba0     libucrt:putwch.obj
 0004:00000bac       $pdata$_call_matherr       0000000180019bac     libucrt:libm_error.obj
 0004:00000bb8       $pdata$_exception_enabled  0000000180019bb8     libucrt:libm_error.obj
 0004:00000bc4       $pdata$_handle_error       0000000180019bc4     libucrt:libm_error.obj
 0004:00000bd0       $pdata$__acrt_initialize_fma3 0000000180019bd0     libucrt:fma3_available.obj
 0004:00000bdc       $pdata$_log10_special      0000000180019bdc     libucrt:log_special.obj
 0004:00000be8       $pdata$_log_special_common 0000000180019be8     libucrt:log_special.obj
 0004:00000bf4       $pdata$??$?RV<lambda_bfedae4ebbf01fab1bb6dcc6a9e276e0>@@AEAV<lambda_2fe9b910cf3cbf4a0ab98a02ba45b3ec>@@V<lambda_237c231691f317818eb88cc1d5d642d6>@@@?$__crt_seh_guarded_call@H@@QEAAH$$QEAV<lambda_bfedae4ebbf01fab1bb6dcc6a9e276e0>@@AEAV<lambda_2fe9b910cf3cbf4a0ab98a02ba45b3ec>@@$$QEAV<lambda_237c231691f317818eb88cc1d5d642d6>@@@Z 0000000180019bf4     libucrt:close.obj
 0004:00000c00       $pdata$_close              0000000180019c00     libucrt:close.obj
 0004:00000c0c       $pdata$_close_nolock       0000000180019c0c     libucrt:close.obj
 0004:00000c18       $pdata$__dcrt_lowio_initialize_console_output 0000000180019c18     libucrt:initcon.obj
 0004:00000c24       $pdata$__dcrt_terminate_console_output 0000000180019c24     libucrt:initcon.obj
 0004:00000c3c       $pdata$_raise_exc          0000000180019c3c     libucrt:fpexcept.obj
 0004:00000c48       $pdata$_raise_exc_ex       0000000180019c48     libucrt:fpexcept.obj
 0004:00000c54       $pdata$_set_errno_from_matherr 0000000180019c54     libucrt:fpexcept.obj
 0004:00000c60       $pdata$_clrfp              0000000180019c60     libucrt:fpctrl.obj
 0004:00000c6c       $pdata$_ctrlfp             0000000180019c6c     libucrt:fpctrl.obj
 0004:00000c78       $pdata$_set_statfp         0000000180019c78     libucrt:fpctrl.obj
 0004:00000c84       $pdata$_statfp             0000000180019c84     libucrt:fpctrl.obj
 0004:00000c90       $pdata$?DloadAcquireSectionWriteAccess@@YAXXZ 0000000180019c90     DelayImp:delayhlp.obj
 0004:00000c9c       $pdata$?DloadGetSRWLockFunctionPointers@@YAEXZ 0000000180019c9c     DelayImp:delayhlp.obj
 0004:00000ca8       $pdata$?DloadMakePermanentImageCommit@@YAXPEAX_K@Z 0000000180019ca8     DelayImp:delayhlp.obj
 0004:00000cb4       $pdata$?DloadObtainSection@@YAPEAXPEAK0@Z 0000000180019cb4     DelayImp:delayhlp.obj
 0004:00000cc0       $pdata$?DloadProtectSection@@YAXKPEAK@Z 0000000180019cc0     DelayImp:delayhlp.obj
 0004:00000ccc       $pdata$?DloadReleaseSectionWriteAccess@@YAXXZ 0000000180019ccc     DelayImp:delayhlp.obj
 0004:00000cd8       $pdata$__delayLoadHelper2  0000000180019cd8     DelayImp:delayhlp.obj
 0004:00000ce4       $pdata$_IsNonwritableInCurrentImage 0000000180019ce4     LIBCMT:pesect.obj
 0004:00000cf0       $pdata$__GSHandlerCheck    0000000180019cf0     LIBCMT:_gshandler_.obj
 0004:00000cfc       $pdata$__GSHandlerCheckCommon 0000000180019cfc     LIBCMT:_gshandler_.obj
 0004:00000d38       $pdata$?fin$0@?0??dllmain_crt_process_attach@@YAHQEAUHINSTANCE__@@QEAX@Z@4HA 0000000180019d38     LIBCMT:dll_dllmain.obj
 0004:00000d44       $pdata$?fin$0@?0??dllmain_crt_process_detach@@YAH_N@Z@4HA 0000000180019d44     LIBCMT:dll_dllmain.obj
 0004:00000d50       $pdata$?filt$0@?0??dllmain_dispatch@@YAHQEAUHINSTANCE__@@KQEAX@Z@4HA 0000000180019d50     LIBCMT:dll_dllmain.obj
 0004:00000d5c       $pdata$__scrt_is_nonwritable_in_current_image$filt$0 0000000180019d5c     LIBCMT:utility.obj
 0004:00000d68       $pdata$_query_new_handler$fin$0 0000000180019d68     libucrt:new_handler.obj
 0004:00000d74       $pdata$?filt$0@?0??common_exit@@YAXHW4_crt_exit_cleanup_mode@@W4_crt_exit_return_mode@@@Z@4HA 0000000180019d74     libucrt:exit.obj
 0004:00000d80       $pdata$?fin$1@?0??common_exit@@YAXHW4_crt_exit_cleanup_mode@@W4_crt_exit_return_mode@@@Z@4HA 0000000180019d80     libucrt:exit.obj
 0004:00000d8c       $pdata$?fin$0@?0???$?RV<lambda_e24bbb7b643b32fcea6fa61b31d4c984>@@AEAV<lambda_275893d493268fdec8709772e3fcec0e>@@V<lambda_9d71df4d7cf3f480f8d633942495c3b0>@@@?$__crt_seh_guarded_call@H@@QEAAH$$QEAV<lambda_e24bbb7b643b32fcea6fa61b31d4c984>@@AEAV<lambda_275893d493268fdec8709772e3fcec0e>@@$$QEAV<lambda_9d71df4d7cf3f480f8d633942495c3b0>@@@Z@4HA 0000000180019d8c     libucrt:onexit.obj
 0004:00000d98       $pdata$__acrt_uninitialize_locale$fin$0 0000000180019d98     libucrt:wsetlocale.obj
 0004:00000d98       $pdata$__acrt_update_thread_locale_data$fin$0 0000000180019d98     libucrt:locale_refcounting.obj
 0004:00000da4       $pdata$__acrt_update_thread_multibyte_data$fin$0 0000000180019da4     libucrt:mbctype.obj
 0004:00000db0       $pdata$__acrt_lowio_ensure_fh_exists$fin$0 0000000180019db0     libucrt:osfinfo.obj
 0004:00000db0       $pdata$__acrt_initialize_lowio$fin$0 0000000180019db0     libucrt:ioinit.obj
 0004:00000dbc       $pdata$?fin$0@?0???$?RV<lambda_5e887d1dcbef67a5eb4283622ba103bf>@@AEAV<lambda_4466841279450cc726390878d4a41900>@@V<lambda_341c25c0346d94847f1f3c463c57e077>@@@?$__crt_seh_guarded_call@X@@QEAAX$$QEAV<lambda_5e887d1dcbef67a5eb4283622ba103bf>@@AEAV<lambda_4466841279450cc726390878d4a41900>@@$$QEAV<lambda_341c25c0346d94847f1f3c463c57e077>@@@Z@4HA 0000000180019dbc     libucrt:per_thread_data.obj
 0004:00000dbc       $pdata$?fin$0@?0???$?RV<lambda_fb3a7dec4e47f37f22dae91bb15c9095>@@AEAV<lambda_698284760c8add0bfb0756c19673e34b>@@V<lambda_dfb8eca1e75fef3034a8fb18dd509707>@@@?$__crt_seh_guarded_call@X@@QEAAX$$QEAV<lambda_fb3a7dec4e47f37f22dae91bb15c9095>@@AEAV<lambda_698284760c8add0bfb0756c19673e34b>@@$$QEAV<lambda_dfb8eca1e75fef3034a8fb18dd509707>@@@Z@4HA 0000000180019dbc     libucrt:per_thread_data.obj
 0004:00000dbc       $pdata$?fin$0@?0???$?RV<lambda_99476a1ad63dd22509b5d3e65b0ffc95>@@AEAV<lambda_ad1ced32f4ac17aa236e5ef05d6b3b7c>@@V<lambda_f7424dd8d45958661754dc4f2697e9c3>@@@?$__crt_seh_guarded_call@X@@QEAAX$$QEAV<lambda_99476a1ad63dd22509b5d3e65b0ffc95>@@AEAV<lambda_ad1ced32f4ac17aa236e5ef05d6b3b7c>@@$$QEAV<lambda_f7424dd8d45958661754dc4f2697e9c3>@@@Z@4HA 0000000180019dbc     libucrt:mbctype.obj
 0004:00000dbc       $pdata$?fin$0@?0???$?RV<lambda_72d1df2b273a38828b1ce30cbf4cdab5>@@AEAV<lambda_876a65b173b8412d3a47c70a915b0cf4>@@V<lambda_41932305e351933ebe8f8be3ed8bb5dc>@@@?$__crt_seh_guarded_call@X@@QEAAX$$QEAV<lambda_72d1df2b273a38828b1ce30cbf4cdab5>@@AEAV<lambda_876a65b173b8412d3a47c70a915b0cf4>@@$$QEAV<lambda_41932305e351933ebe8f8be3ed8bb5dc>@@@Z@4HA 0000000180019dbc     libucrt:per_thread_data.obj
 0004:00000dbc       $pdata$?fin$0@?0???$?RV<lambda_b8c45f8f788dd370798f47cfe8ac3a86>@@AEAV<lambda_4e60a939b0d047cfe11ddc22648dfba9>@@V<lambda_332c3edc96d0294ec56c57d38c1cdfd5>@@@?$__crt_seh_guarded_call@H@@QEAAH$$QEAV<lambda_b8c45f8f788dd370798f47cfe8ac3a86>@@AEAV<lambda_4e60a939b0d047cfe11ddc22648dfba9>@@$$QEAV<lambda_332c3edc96d0294ec56c57d38c1cdfd5>@@@Z@4HA 0000000180019dbc     libucrt:onexit.obj
 0004:00000dbc       $pdata$?fin$0@?0???$?RV<lambda_c36588078e9f5dfd39652860aa6b3aaf>@@AEAV<lambda_ec61778202f4f5fc7e7711acc23c3bca>@@V<lambda_dc9d2797ccde5d239b4a0efae8ebd7db>@@@?$__crt_seh_guarded_call@P6AXH@Z@@QEAAP6AXH@Z$$QEAV<lambda_c36588078e9f5dfd39652860aa6b3aaf>@@AEAV<lambda_ec61778202f4f5fc7e7711acc23c3bca>@@$$QEAV<lambda_dc9d2797ccde5d239b4a0efae8ebd7db>@@@Z@4HA 0000000180019dbc     libucrt:signal.obj
 0004:00000dbc       $pdata$?fin$0@?0???$?RV<lambda_46352004c1216016012b18bd6f87e700>@@AEAV<lambda_3bd07e1a1191394380780325891bf33f>@@V<lambda_334532d3f185bcaa59b5be82d7d22bff>@@@?$__crt_seh_guarded_call@X@@QEAAX$$QEAV<lambda_46352004c1216016012b18bd6f87e700>@@AEAV<lambda_3bd07e1a1191394380780325891bf33f>@@$$QEAV<lambda_334532d3f185bcaa59b5be82d7d22bff>@@@Z@4HA 0000000180019dbc     libucrt:per_thread_data.obj
 0004:00000dc8       $pdata$raise$fin$0         0000000180019dc8     libucrt:signal.obj
 0004:00000dd4       $pdata$common_flush_all$fin$0 0000000180019dd4     libucrt:fflush.obj
 0004:00000de0       $pdata$common_flush_all$fin$1 0000000180019de0     libucrt:fflush.obj
 0004:00000dec       $pdata$_fcloseall$fin$0    0000000180019dec     libucrt:closeall.obj
 0004:00000df8       $pdata$?fin$0@?0???$?RV<lambda_bfedae4ebbf01fab1bb6dcc6a9e276e0>@@AEAV<lambda_2fe9b910cf3cbf4a0ab98a02ba45b3ec>@@V<lambda_237c231691f317818eb88cc1d5d642d6>@@@?$__crt_seh_guarded_call@H@@QEAAH$$QEAV<lambda_bfedae4ebbf01fab1bb6dcc6a9e276e0>@@AEAV<lambda_2fe9b910cf3cbf4a0ab98a02ba45b3ec>@@$$QEAV<lambda_237c231691f317818eb88cc1d5d642d6>@@@Z@4HA 0000000180019df8     libucrt:close.obj
 0004:00000df8       $pdata$?fin$0@?0???$?RV<lambda_b521505b218e5242e90febf6bfebc422>@@AEAV<lambda_6978c1fb23f02e42e1d9e99668cc68aa>@@V<lambda_314360699dd331753a4119843814e9a7>@@@?$__crt_seh_guarded_call@H@@QEAAH$$QEAV<lambda_b521505b218e5242e90febf6bfebc422>@@AEAV<lambda_6978c1fb23f02e42e1d9e99668cc68aa>@@$$QEAV<lambda_314360699dd331753a4119843814e9a7>@@@Z@4HA 0000000180019df8     libucrt:commit.obj
 0004:00000e04       $pdata$_write$fin$0        0000000180019e04     libucrt:write.obj
 0004:00000e10       $pdata$fclose$fin$0        0000000180019e10     libucrt:fclose.obj
 0004:00000e1c       $pdata$_ctrlfp$filt$0      0000000180019e1c     libucrt:fpctrl.obj
 0004:00000e28       $pdata$_IsNonwritableInCurrentImage$filt$0 0000000180019e28     LIBCMT:pesect.obj
 0005:00000000       __guard_fids__             000000018001a000     libucrt:initialization.obj
 0005:00000060       __guard_fids___acrt_initialize_ptd 000000018001a060     libucrt:per_thread_data.obj
 0005:00000064       __guard_fids_??$expand_argument_wildcards@D@@YAHQEAD0AEAV?$argument_list@D@?A0xca0879c4@@@Z 000000018001a064     libucrt:argv_wildcards.obj
 0005:00000068       __guard_fids__             000000018001a068     libucrt:locale_initializer.obj
 0005:0000006c       __guard_fids__             000000018001a06c     libucrt:multibyte_initializer.obj
 0005:00000070       __guard_fids__             000000018001a070     libucrt:stdio_initializer.obj
 0005:00000074       __guard_fids__             000000018001a074     libucrt:stdio_initializer.obj
 0005:00000078       __guard_fids__             000000018001a078     libucrt:fma3_initializer.obj
 0005:0000007c       __guard_fids__             000000018001a07c     libucrt:console_output_initializer.obj
 0005:00000080       __guard_fids_?dllmain_crt_process_attach@@YAHQEAUHINSTANCE__@@QEAX@Z 000000018001a080     LIBCMT:dll_dllmain.obj
 0005:00000088       __guard_fids_?dllmain_dispatch@@YAHQEAUHINSTANCE__@@KQEAX@Z 000000018001a088     LIBCMT:dll_dllmain.obj
 0005:0000008c       __guard_fids__             000000018001a08c     LIBCMT:throw_bad_alloc.obj
 0005:00000094       __guard_fids__             000000018001a094     LIBCMT:throw_bad_alloc.obj
 0005:0000009c       __guard_fids__             000000018001a09c     LIBCMT:throw_bad_alloc.obj
 0005:000000a4       __guard_fids__             000000018001a0a4     LIBCMT:std_type_info_static.obj
 0005:000000a8       __guard_fids__             000000018001a0a8     LIBCMT:guard_support.obj
 0005:000000ac       __guard_fids___vcrt_initialize_ptd 000000018001a0ac     libvcruntime:per_thread_data.obj
 0006:00000060       $R000000                   000000018001b060     * linker generated manifest res *

 Exports

  ordinal    name

        1    _register_addon_
